NVIDIA Driver Diagnostic Report
Generated: Fr 13 Feb 2026 17:04:17 CET
System: parrot
==========================================

[0;32m=== System Information ===[0m
Hostname: parrot
Kernel: 6.17.13+2-amd64
Distribution: Description:	Parrot Security 7.1 (echo)
Architecture: x86_64
Boot parameters: BOOT_IMAGE=/@/boot/vmlinuz-6.17.13+2-amd64 root=UUID=8c8c7cef-fb8d-48b8-b15d-c4778e86f613 ro rootflags=subvol=@ quiet splash noautomount quiet splash resume=UUID=c4323d62-0830-4712-be1d-03edb382e261

[0;32m=== GPU Hardware Detection ===[0m
=== PCI Graphics Devices ===
00:02.0 VGA compatible controller: Intel Corporation Xeon E3-1200 v3/4th Gen Core Processor Integrated Graphics Controller (rev 06)
	Subsystem: Gigabyte Technology Co., Ltd Device d000
	Kernel driver in use: i915
	Kernel modules: i915
--
01:00.0 VGA compatible controller: NVIDIA Corporation GP108 [GeForce GT 1030] (rev a1)
	Subsystem: Gigabyte Technology Co., Ltd Device 3767
	Kernel modules: nouveau
01:00.1 Audio device: NVIDIA Corporation GP108 High Definition Audio Controller (rev a1)

=== GPU Details ===
00:02.0 VGA compatible controller: Intel Corporation Xeon E3-1200 v3/4th Gen Core Processor Integrated Graphics Controller (rev 06) (prog-if 00 [VGA controller])
	Subsystem: Gigabyte Technology Co., Ltd Device d000
	Flags: bus master, fast devsel, latency 0, IRQ 37, IOMMU group 0
	Memory at f7400000 (64-bit, non-prefetchable) [size=4M]
	Memory at d0000000 (64-bit, prefetchable) [size=256M]
	I/O ports at f000 [size=64]
	Expansion ROM at 000c0000 [virtual] [disabled] [size=128K]
	Capabilities: [90] MSI: Enable+ Count=1/1 Maskable- 64bit-
	Capabilities: [d0] Power Management version 2
	Capabilities: [a4] PCI Advanced Features
	Kernel driver in use: i915
	Kernel modules: i915

00:14.0 USB controller: Intel Corporation 8 Series/C220 Series Chipset Family USB xHCI (rev 05) (prog-if 30 [XHCI])
	Subsystem: Gigabyte Technology Co., Ltd Device 5007
	Flags: bus master, medium devsel, latency 0, IRQ 30, IOMMU group 3
--
01:00.0 VGA compatible controller: NVIDIA Corporation GP108 [GeForce GT 1030] (rev a1) (prog-if 00 [VGA controller])
	Subsystem: Gigabyte Technology Co., Ltd Device 3767
	Flags: bus master, fast devsel, latency 0, IRQ 11, IOMMU group 2
	Memory at f6000000 (32-bit, non-prefetchable) [size=16M]
	Memory at e0000000 (64-bit, prefetchable) [size=256M]
	Memory at f0000000 (64-bit, prefetchable) [size=32M]
	I/O ports at e000 [size=128]
	Expansion ROM at 000c0000 [disabled] [size=128K]
	Capabilities: [60] Power Management version 3
	Capabilities: [68] MSI: Enable- Count=1/1 Maskable- 64bit+
	Capabilities: [78] Express Legacy Endpoint, IntMsgNum 0
	Capabilities: [100] Virtual Channel
	Capabilities: [250] Latency Tolerance Reporting
	Capabilities: [128] Power Budgeting <?>
	Capabilities: [420] Advanced Error Reporting
	Capabilities: [600] Vendor Specific Information: ID=0001 Rev=1 Len=024 <?>

[0;32m=== Current Driver Status ===[0m
=== Loaded Modules ===
[1;33m[WARNING][0m No NVIDIA modules loaded
[1;33m[WARNING][0m No NVIDIA modules loaded
Nouveau: Not loaded (good)

=== NVIDIA Driver Version ===
[1;33m[WARNING][0m nvidia-smi not available
[1;33m[WARNING][0m nvidia-smi not available

[0;32m=== Installed NVIDIA Packages ===[0m
=== Debian/Ubuntu packages ===
ii  firmware-nvidia-graphics                            20250410-2                           all          Binary firmware for Nvidia GPU chips

[0;32m=== Driver Blacklist Configuration ===[0m
=== /etc/modprobe.d/blacklist-nouveau.conf ===
blacklist nouveau
options nouveau modeset=0

=== All blacklist files ===
/etc/modprobe.d/blacklist-nouveau.conf:blacklist nouveau

[0;32m=== X Server Configuration ===[0m
=== X Display ===
DISPLAY: 
No /etc/X11/xorg.conf found

=== /etc/X11/xorg.conf.d/ contents ===
total 4
drwxr-xr-x 1 root root  32 11. Feb 13:35 .
drwxr-xr-x 1 root root 288 23. Dez 18:51 ..
-rw-rw-r-- 1 root root 263 11. Feb 13:35 00-keyboard.conf
--- /etc/X11/xorg.conf.d/00-keyboard.conf ---
# Read and parsed by systemd-localed. It's probably wise not to edit this file
# manually too freely.
Section "InputClass"
        Identifier "system-keyboard"
        MatchIsKeyboard "on"
        Option "XkbLayout" "de"
        Option "XkbVariant" ""
EndSection

[0;32m=== Display Manager Status ===[0m
=== Active Display Manager ===
● lightdm.service - Light Display Manager
     Loaded: loaded (/usr/lib/systemd/system/lightdm.service; enabled; preset: enabled)
     Active: active (running) since Fri 2026-02-13 17:02:56 CET; 1min 21s ago
 Invocation: 4515a40dce674990973c990337e48215
       Docs: man:lightdm(1)
   Main PID: 989 (lightdm)
      Tasks: 5 (limit: 18645)
     Memory: 8.9M (peak: 9.6M)
        CPU: 70ms
     CGroup: /system.slice/lightdm.service
             ├─ 989 /usr/sbin/lightdm
             └─1008 /usr/lib/xorg/Xorg :0 -seat seat0 -auth /var/run/lightdm/root/:0 -nolisten tcp vt7 -novtswitch

Feb 13 17:02:56 parrot systemd[1]: Starting lightdm.service - Light Display Manager...
Feb 13 17:02:56 parrot systemd[1]: Started lightdm.service - Light Display Manager.

=== Enabled Display Managers ===
lightdm.service                                                           enabled         enabled
sddm.service                                                              disabled        enabled

[0;32m=== Recent Relevant Logs ===[0m
=== Kernel Messages (NVIDIA/Nouveau) ===
[    4.167346] input: HDA NVidia HDMI/DP,pcm=3 as /devices/pci0000:00/0000:00:01.0/0000:01:00.1/sound/card1/input10
[    4.167392] input: HDA NVidia HDMI/DP,pcm=7 as /devices/pci0000:00/0000:00:01.0/0000:01:00.1/sound/card1/input11
[    4.167434] input: HDA NVidia HDMI/DP,pcm=8 as /devices/pci0000:00/0000:00:01.0/0000:01:00.1/sound/card1/input12
[    4.167474] input: HDA NVidia HDMI/DP,pcm=9 as /devices/pci0000:00/0000:00:01.0/0000:01:00.1/sound/card1/input13

=== System Journal (last boot) ===
Feb 13 17:02:54 parrot kernel: input: HDA NVidia HDMI/DP,pcm=3 as /devices/pci0000:00/0000:00:01.0/0000:01:00.1/sound/card1/input10
Feb 13 17:02:54 parrot kernel: input: HDA NVidia HDMI/DP,pcm=7 as /devices/pci0000:00/0000:00:01.0/0000:01:00.1/sound/card1/input11
Feb 13 17:02:54 parrot kernel: input: HDA NVidia HDMI/DP,pcm=8 as /devices/pci0000:00/0000:00:01.0/0000:01:00.1/sound/card1/input12
Feb 13 17:02:54 parrot kernel: input: HDA NVidia HDMI/DP,pcm=9 as /devices/pci0000:00/0000:00:01.0/0000:01:00.1/sound/card1/input13
Feb 13 17:04:17 parrot sudo[1241]: crootstein : TTY=tty1 ; PWD=/mnt/bigdrv/NV-InstalClaudeCode/NVIDIA-Driver-Install/scripts ; USER=root ; COMMAND=./nvidia-diagnose.sh

=== X Server Log (errors/warnings) ===
[     6.059] Current Operating System: Linux parrot 6.17.13+2-amd64 #1 SMP PREEMPT_DYNAMIC Parrot 6.17.13-1parrot1 (2026-01-08) x86_64
	(WW) warning, (EE) error, (NI) not implemented, (??) unknown.
[     6.075] (WW) The directory "/usr/share/fonts/X11/cyrillic" does not exist.
[     6.075] (WW) The directory "/usr/share/fonts/X11/75dpi/" does not exist.
[     6.076] (WW) The directory "/usr/share/fonts/X11/75dpi" does not exist.
[     6.566] (WW) Warning, couldn't open module nv
[     6.566] (EE) Failed to load module "nv" (module does not exist, 0)

[0;32m=== OpenGL Information ===[0m
=== GLX Info ===

[0;32m=== GRUB Configuration ===[0m
=== /etc/default/grub ===
GRUB_CMDLINE_LINUX_DEFAULT='quiet splash resume=UUID=c4323d62-0830-4712-be1d-03edb382e261'
GRUB_CMDLINE_LINUX=""

[0;32m=== Kernel Headers ===[0m
ii  linux-headers-6.17.13+2-amd64                       6.17.13-1parrot1                     amd64        Header files for Linux 6.17.13+2-amd64
ii  linux-headers-6.17.13+2-common                      6.17.13-1parrot1                     all          Common header files for Linux 6.17.13+2

[0;32m=== Common Issues Analysis ===[0m
[1;33m[WARNING][0m X server errors detected in log
[1;33m[WARNING][0m X server errors detected in log
  Check: /var/log/Xorg.0.log for details

[0;32m=== Diagnostic Summary ===[0m
Full diagnostic log saved to: nvidia-diagnostic-20260213-170417.log

Next steps:
1. Review the issues found above
2. Check the full log file for detailed information
3. Refer to the main README.md for solutions

Quick checks:
  - GPU detected: Yes
  - NVIDIA loaded: No
  - Nouveau loaded: No (good)
  - Display manager: active
