NVIDIA Driver Diagnostic Report
Generated: Fr 13 Feb 2026 19:57:31 CET
System: parrot
==========================================

[0;32m=== System Information ===[0m
Hostname: parrot
Kernel: 6.17.13+2-amd64
Distribution: Description:	Parrot Security 7.1 (echo)
Architecture: x86_64
Boot parameters: BOOT_IMAGE=/@/boot/vmlinuz-6.17.13+2-amd64 root=UUID=8c8c7cef-fb8d-48b8-b15d-c4778e86f613 ro rootflags=subvol=@ quiet splash noautomount quiet splash resume=UUID=c4323d62-0830-4712-be1d-03edb382e261

[0;32m=== GPU Hardware Detection ===[0m
=== PCI Graphics Devices ===
00:02.0 VGA compatible controller: Intel Corporation Xeon E3-1200 v3/4th Gen Core Processor Integrated Graphics Controller (rev 06)
	Subsystem: Gigabyte Technology Co., Ltd Device d000
	Kernel modules: i915
00:14.0 USB controller: Intel Corporation 8 Series/C220 Series Chipset Family USB xHCI (rev 05)
--
01:00.0 VGA compatible controller: NVIDIA Corporation GP108 [GeForce GT 1030] (rev a1)
	Subsystem: Gigabyte Technology Co., Ltd Device 3767
	Kernel driver in use: nvidia
	Kernel modules: nvidia

=== GPU Details ===
00:02.0 VGA compatible controller: Intel Corporation Xeon E3-1200 v3/4th Gen Core Processor Integrated Graphics Controller (rev 06) (prog-if 00 [VGA controller])
	Subsystem: Gigabyte Technology Co., Ltd Device d000
	Flags: bus master, fast devsel, latency 0, IRQ 11, IOMMU group 0
	Memory at f7400000 (64-bit, non-prefetchable) [size=4M]
	Memory at d0000000 (64-bit, prefetchable) [size=256M]
	I/O ports at f000 [disabled] [size=64]
	Expansion ROM at 000c0000 [virtual] [disabled] [size=128K]
	Capabilities: [90] MSI: Enable- Count=1/1 Maskable- 64bit-
	Capabilities: [d0] Power Management version 2
	Capabilities: [a4] PCI Advanced Features
	Kernel modules: i915

00:14.0 USB controller: Intel Corporation 8 Series/C220 Series Chipset Family USB xHCI (rev 05) (prog-if 30 [XHCI])
	Subsystem: Gigabyte Technology Co., Ltd Device 5007
	Flags: bus master, medium devsel, latency 0, IRQ 30, IOMMU group 3
	Memory at f7900000 (64-bit, non-prefetchable) [size=64K]
--
01:00.0 VGA compatible controller: NVIDIA Corporation GP108 [GeForce GT 1030] (rev a1) (prog-if 00 [VGA controller])
	Subsystem: Gigabyte Technology Co., Ltd Device 3767
	Flags: bus master, fast devsel, latency 0, IRQ 39, IOMMU group 2
	Memory at f6000000 (32-bit, non-prefetchable) [size=16M]
	Memory at e0000000 (64-bit, prefetchable) [size=256M]
	Memory at f0000000 (64-bit, prefetchable) [size=32M]
	I/O ports at e000 [size=128]
	Expansion ROM at 000c0000 [virtual] [disabled] [size=128K]
	Capabilities: [60] Power Management version 3
	Capabilities: [68] MSI: Enable+ Count=1/1 Maskable- 64bit+
	Capabilities: [78] Express Legacy Endpoint, IntMsgNum 0
	Capabilities: [100] Virtual Channel
	Capabilities: [250] Latency Tolerance Reporting
	Capabilities: [128] Power Budgeting <?>
	Capabilities: [420] Advanced Error Reporting
	Capabilities: [600] Vendor Specific Information: ID=0001 Rev=1 Len=024 <?>

[0;32m=== Current Driver Status ===[0m
=== Loaded Modules ===
[0;32mNVIDIA modules loaded:[0m
nvidia_drm            126976  0
drm_ttm_helper         16384  2 vmwgfx,nvidia_drm
drm_client_lib         12288  2 vmwgfx,nvidia_drm
drm_kms_helper        258048  4 vmwgfx,drm_ttm_helper,nvidia_drm,drm_client_lib
nvidia_modeset       1605632  2 nvidia_drm
nvidia              60710912  7 nvidia_drm,nvidia_modeset
drm                   843776  8 vmwgfx,drm_kms_helper,nvidia,drm_ttm_helper,nvidia_drm,drm_client_lib,ttm
video                  81920  1 nvidia_modeset
Nouveau: Not loaded (good)

=== NVIDIA Driver Version ===
550.163.01

[0;32m=== Installed NVIDIA Packages ===[0m
=== Debian/Ubuntu packages ===
ii  firmware-nvidia-graphics                            20250410-2                           all          Binary firmware for Nvidia GPU chips
ii  firmware-nvidia-gsp                                 550.163.01-4parrot1                  amd64        NVIDIA GSP firmware
ii  glx-alternative-nvidia                              1.2.2                                amd64        allows the selection of NVIDIA as GLX provider
ii  libcuda1:amd64                                      550.163.01-4parrot1                  amd64        NVIDIA CUDA Driver Library
ii  libegl-nvidia0:amd64                                550.163.01-4parrot1                  amd64        NVIDIA binary EGL library
ii  libgl1-nvidia-glvnd-glx:amd64                       550.163.01-4parrot1                  amd64        NVIDIA binary OpenGL/GLX library (GLVND variant)
ii  libgles-nvidia1:amd64                               550.163.01-4parrot1                  amd64        NVIDIA binary OpenGL|ES 1.x library
ii  libgles-nvidia2:amd64                               550.163.01-4parrot1                  amd64        NVIDIA binary OpenGL|ES 2.x library
ii  libglx-nvidia0:amd64                                550.163.01-4parrot1                  amd64        NVIDIA binary GLX library
ii  libnvcuvid1:amd64                                   550.163.01-4parrot1                  amd64        NVIDIA CUDA Video Decoder runtime library
ii  libnvidia-allocator1:amd64                          550.163.01-4parrot1                  amd64        NVIDIA allocator runtime library
ii  libnvidia-cfg1:amd64                                550.163.01-4parrot1                  amd64        NVIDIA binary OpenGL/GLX configuration library
ii  libnvidia-egl-gbm1:amd64                            1.1.2.1-1                            amd64        GBM EGL external platform library for NVIDIA
ii  libnvidia-egl-wayland1:amd64                        1:1.1.18-1                           amd64        Wayland EGL External Platform library -- shared library
ii  libnvidia-eglcore:amd64                             550.163.01-4parrot1                  amd64        NVIDIA binary EGL core libraries
ii  libnvidia-encode1:amd64                             550.163.01-4parrot1                  amd64        NVENC Video Encoding runtime library
ii  libnvidia-glcore:amd64                              550.163.01-4parrot1                  amd64        NVIDIA binary OpenGL/GLX core libraries
ii  libnvidia-glvkspirv:amd64                           550.163.01-4parrot1                  amd64        NVIDIA binary Vulkan Spir-V compiler library
ii  libnvidia-gpucomp:amd64                             550.163.01-4parrot1                  amd64        NVIDIA binary GPU compiler library
ii  libnvidia-ml1:amd64                                 550.163.01-4parrot1                  amd64        NVIDIA Management Library (NVML) runtime library
ii  libnvidia-pkcs11-openssl3:amd64                     550.163.01-4parrot1                  amd64        NVIDIA PKCS #11 Library (OpenSSL 3)
ii  libnvidia-ptxjitcompiler1:amd64                     550.163.01-4parrot1                  amd64        NVIDIA PTX JIT Compiler library
ii  libnvidia-rtcore:amd64                              550.163.01-4parrot1                  amd64        NVIDIA binary Vulkan ray tracing (rtcore) library
ii  nvidia-alternative                                  550.163.01-4parrot1                  amd64        allows the selection of NVIDIA as GLX provider
ii  nvidia-driver                                       550.163.01-4parrot1                  amd64        NVIDIA metapackage
ii  nvidia-driver-bin                                   550.163.01-4parrot1                  amd64        NVIDIA driver support binaries
ii  nvidia-driver-libs:amd64                            550.163.01-4parrot1                  amd64        NVIDIA metapackage (OpenGL/GLX/EGL/GLES libraries)
ii  nvidia-egl-common                                   550.163.01-4parrot1                  amd64        NVIDIA binary EGL driver - common files
ii  nvidia-egl-icd:amd64                                550.163.01-4parrot1                  amd64        NVIDIA EGL installable client driver (ICD)
ii  nvidia-installer-cleanup                            20240109+1                           amd64        cleanup after driver installation with the nvidia-installer
ii  nvidia-kernel-common                                20240109+1                           amd64        NVIDIA binary kernel module support files
ii  nvidia-kernel-dkms                                  550.163.01-4parrot1                  amd64        NVIDIA binary kernel module DKMS source
ii  nvidia-kernel-support                               550.163.01-4parrot1                  amd64        NVIDIA binary kernel module support files
ii  nvidia-legacy-check                                 550.163.01-4parrot1                  amd64        check for NVIDIA GPUs requiring a legacy driver
ii  nvidia-modprobe                                     570.133.07-1                         amd64        utility to load NVIDIA kernel modules and create device nodes
ii  nvidia-persistenced                                 550.163.01-1                         amd64        daemon to maintain persistent software state in the NVIDIA driver
ii  nvidia-settings                                     550.163.01-1                         amd64        tool for configuring the NVIDIA graphics driver
ii  nvidia-smi                                          550.163.01-4parrot1                  amd64        NVIDIA System Management Interface
ii  nvidia-support                                      20240109+1                           amd64        NVIDIA binary graphics driver support files
ii  nvidia-suspend-common                               550.163.01-4parrot1                  amd64        NVIDIA driver - systemd power management scripts
ii  nvidia-vdpau-driver:amd64                           550.163.01-4parrot1                  amd64        Video Decode and Presentation API for Unix - NVIDIA driver
ii  nvidia-vulkan-common                                550.163.01-4parrot1                  amd64        NVIDIA Vulkan driver - common files
ii  nvidia-vulkan-icd:amd64                             550.163.01-4parrot1                  amd64        NVIDIA Vulkan installable client driver (ICD)
ii  xserver-xorg-video-nvidia                           550.163.01-4parrot1                  amd64        NVIDIA binary Xorg driver

[0;32m=== Driver Blacklist Configuration ===[0m
=== /etc/modprobe.d/blacklist-nouveau.conf ===
blacklist nouveau
options nouveau modeset=0

=== All blacklist files ===
/etc/modprobe.d/blacklist-nouveau.conf:blacklist nouveau

[0;32m=== X Server Configuration ===[0m
=== X Display ===
DISPLAY: 
=== /etc/X11/xorg.conf exists ===
# Dual GPU Configuration - Force NVIDIA as Primary
# Generated by dual-gpu-fix.sh

Section "ServerLayout"
    Identifier     "Layout0"
    Screen      0  "Screen0" 0 0
    InputDevice    "Keyboard0" "CoreKeyboard"
    InputDevice    "Mouse0" "CorePointer"
    Option         "Xinerama" "0"
EndSection

Section "Files"
EndSection

Section "InputDevice"
    Identifier     "Mouse0"
    Driver         "mouse"
    Option         "Protocol" "auto"
    Option         "Device" "/dev/psaux"
    Option         "Emulate3Buttons" "no"
    Option         "ZAxisMapping" "4 5"
EndSection

Section "InputDevice"
    Identifier     "Keyboard0"
    Driver         "kbd"
EndSection

Section "Monitor"
    Identifier     "Monitor0"
    VendorName     "Unknown"
    ModelName      "Unknown"
    Option         "DPMS"
EndSection

Section "Device"
    Identifier     "Device0"
    Driver         "nvidia"
    VendorName     "NVIDIA Corporation"
    BoardName      "GeForce GT 1030"
    BusID          "PCI:1:0:0"
    Option         "TripleBuffer" "True"
    Option         "AllowEmptyInitialConfiguration"
EndSection

Section "Screen"
    Identifier     "Screen0"
    Device         "Device0"
    Monitor        "Monitor0"
    DefaultDepth    24
    SubSection     "Display"
        Depth       24
    EndSubSection
EndSection

=== /etc/X11/xorg.conf.d/ contents ===
total 8
drwxr-xr-x 1 root root  60 13. Feb 19:52 .
drwxr-xr-x 1 root root 306 13. Feb 19:55 ..
-rw-rw-r-- 1 root root 263 11. Feb 13:35 00-keyboard.conf
-rw-r--r-- 1 root root 133 13. Feb 19:52 20-nvidia.conf
--- /etc/X11/xorg.conf.d/00-keyboard.conf ---
# Read and parsed by systemd-localed. It's probably wise not to edit this file
# manually too freely.
Section "InputClass"
        Identifier "system-keyboard"
        MatchIsKeyboard "on"
        Option "XkbLayout" "de"
        Option "XkbVariant" ""
EndSection
--- /etc/X11/xorg.conf.d/20-nvidia.conf ---
Section "Device"
    Identifier     "NVIDIA Graphics"
    Driver         "nvidia"
    VendorName     "NVIDIA Corporation"
EndSection

[0;32m=== Display Manager Status ===[0m
=== Active Display Manager ===
● lightdm.service - Light Display Manager
     Loaded: loaded (/usr/lib/systemd/system/lightdm.service; enabled; preset: enabled)
     Active: active (running) since Fri 2026-02-13 19:56:26 CET; 1min 7s ago
 Invocation: a55dbd5dfced40fdaaccbbb106e7b93f
       Docs: man:lightdm(1)
   Main PID: 1004 (lightdm)
      Tasks: 5 (limit: 18645)
     Memory: 15M (peak: 15.6M)
        CPU: 34ms
     CGroup: /system.slice/lightdm.service
             ├─1004 /usr/sbin/lightdm
             └─1026 /usr/lib/xorg/Xorg :0 -seat seat0 -auth /var/run/lightdm/root/:0 -nolisten tcp vt7 -novtswitch

Feb 13 19:56:26 parrot systemd[1]: Starting lightdm.service - Light Display Manager...
Feb 13 19:56:26 parrot systemd[1]: Started lightdm.service - Light Display Manager.

=== Enabled Display Managers ===
lightdm.service                                                           enabled         enabled
sddm.service                                                              disabled        enabled

[0;32m=== Recent Relevant Logs ===[0m
=== Kernel Messages (NVIDIA/Nouveau) ===
[    3.908414] input: HDA NVidia HDMI/DP,pcm=3 as /devices/pci0000:00/0000:00:01.0/0000:01:00.1/sound/card1/input9
[    3.908465] input: HDA NVidia HDMI/DP,pcm=7 as /devices/pci0000:00/0000:00:01.0/0000:01:00.1/sound/card1/input10
[    3.908740] input: HDA NVidia HDMI/DP,pcm=8 as /devices/pci0000:00/0000:00:01.0/0000:01:00.1/sound/card1/input11
[    3.911764] input: HDA NVidia HDMI/DP,pcm=9 as /devices/pci0000:00/0000:00:01.0/0000:01:00.1/sound/card1/input12
[    5.012818] nvidia: loading out-of-tree module taints kernel.
[    5.012826] nvidia: module license 'NVIDIA' taints kernel.
[    5.012830] nvidia: module verification failed: signature and/or required key missing - tainting kernel
[    5.012830] nvidia: module license taints kernel.
[    5.380847] nvidia-nvlink: Nvlink Core is being initialized, major device number 239
[    5.382057] nvidia 0000:01:00.0: vgaarb: VGA decodes changed: olddecodes=io+mem,decodes=none:owns=io+mem
[    5.497891] NVRM: loading NVIDIA UNIX x86_64 Kernel Module  550.163.01  Tue Apr  8 12:41:17 UTC 2025
[    7.165419] nvidia-modeset: Loading NVIDIA Kernel Mode Setting Driver for UNIX platforms  550.163.01  Tue Apr  8 12:09:34 UTC 2025
[    8.874477] [drm] [nvidia-drm] [GPU ID 0x00000100] Loading driver
[    8.874481] [drm] Initialized nvidia-drm 0.0.0 for 0000:01:00.0 on minor 0
[   10.009731] audit: type=1400 audit(1771008986.219:164): apparmor="ALLOWED" operation="open" class="file" profile="Xorg" name="/etc/nvidia/current/nvidia-drm-outputclass.conf" pid=1026 comm="Xorg" requested_mask="r" denied_mask="r" fsuid=0 ouid=0
[   77.863182] nvidia_uvm: module uses symbols nvUvmInterfaceDisableAccessCntr from proprietary module nvidia, inheriting taint.
[   77.913742] nvidia-uvm: Loaded the UVM driver, major device number 237.

=== System Journal (last boot) ===
Feb 13 19:56:20 parrot kernel: input: HDA NVidia HDMI/DP,pcm=3 as /devices/pci0000:00/0000:00:01.0/0000:01:00.1/sound/card1/input9
Feb 13 19:56:20 parrot kernel: input: HDA NVidia HDMI/DP,pcm=7 as /devices/pci0000:00/0000:00:01.0/0000:01:00.1/sound/card1/input10
Feb 13 19:56:20 parrot kernel: input: HDA NVidia HDMI/DP,pcm=8 as /devices/pci0000:00/0000:00:01.0/0000:01:00.1/sound/card1/input11
Feb 13 19:56:20 parrot kernel: input: HDA NVidia HDMI/DP,pcm=9 as /devices/pci0000:00/0000:00:01.0/0000:01:00.1/sound/card1/input12
Feb 13 19:56:21 parrot kernel: nvidia: loading out-of-tree module taints kernel.
Feb 13 19:56:21 parrot kernel: nvidia: module license 'NVIDIA' taints kernel.
Feb 13 19:56:21 parrot kernel: nvidia: module verification failed: signature and/or required key missing - tainting kernel
Feb 13 19:56:21 parrot kernel: nvidia: module license taints kernel.
Feb 13 19:56:21 parrot kernel: nvidia-nvlink: Nvlink Core is being initialized, major device number 239
Feb 13 19:56:21 parrot kernel: nvidia 0000:01:00.0: vgaarb: VGA decodes changed: olddecodes=io+mem,decodes=none:owns=io+mem
Feb 13 19:56:21 parrot kernel: NVRM: loading NVIDIA UNIX x86_64 Kernel Module  550.163.01  Tue Apr  8 12:41:17 UTC 2025
Feb 13 19:56:23 parrot kernel: nvidia-modeset: Loading NVIDIA Kernel Mode Setting Driver for UNIX platforms  550.163.01  Tue Apr  8 12:09:34 UTC 2025
Feb 13 19:56:25 parrot systemd-modules-load[407]: Inserted module 'nvidia_drm'
Feb 13 19:56:25 parrot kernel: [drm] [nvidia-drm] [GPU ID 0x00000100] Loading driver
Feb 13 19:56:25 parrot kernel: [drm] Initialized nvidia-drm 0.0.0 for 0000:01:00.0 on minor 0
Feb 13 19:56:25 parrot systemd[1]: Starting nvidia-persistenced.service - NVIDIA Persistence Daemon...
Feb 13 19:56:25 parrot nvidia-persistenced[829]: Started (829)
Feb 13 19:56:25 parrot systemd[1]: Started nvidia-persistenced.service - NVIDIA Persistence Daemon.
Feb 13 19:56:26 parrot systemd[1]: Starting nvidia-primary.service - Set NVIDIA as primary GPU...
Feb 13 19:56:26 parrot kernel: audit: type=1400 audit(1771008986.219:164): apparmor="ALLOWED" operation="open" class="file" profile="Xorg" name="/etc/nvidia/current/nvidia-drm-outputclass.conf" pid=1026 comm="Xorg" requested_mask="r" denied_mask="r" fsuid=0 ouid=0
Feb 13 19:56:28 parrot nvidia-primary.sh[1044]: Can't open display
Feb 13 19:56:28 parrot nvidia-primary.sh[1045]: Can't open display
Feb 13 19:56:28 parrot systemd[1]: nvidia-primary.service: Main process exited, code=exited, status=1/FAILURE
Feb 13 19:56:28 parrot systemd[1]: nvidia-primary.service: Failed with result 'exit-code'.
Feb 13 19:56:28 parrot systemd[1]: Failed to start nvidia-primary.service - Set NVIDIA as primary GPU.
Feb 13 19:57:31 parrot sudo[1252]: crootstein : TTY=tty1 ; PWD=/mnt/bigdrv/NV-InstalClaudeCode/NVIDIA-Driver-Install1.1/scripts ; USER=root ; COMMAND=./nvidia-diagnose.sh
Feb 13 19:57:33 parrot kernel: nvidia_uvm: module uses symbols nvUvmInterfaceDisableAccessCntr from proprietary module nvidia, inheriting taint.
Feb 13 19:57:33 parrot kernel: nvidia-uvm: Loaded the UVM driver, major device number 237.

=== X Server Log (errors/warnings) ===
[    10.008] Current Operating System: Linux parrot 6.17.13+2-amd64 #1 SMP PREEMPT_DYNAMIC Parrot 6.17.13-1parrot1 (2026-01-08) x86_64
	(WW) warning, (EE) error, (NI) not implemented, (??) unknown.
[    10.011] (WW) The directory "/usr/share/fonts/X11/cyrillic" does not exist.
[    10.011] (WW) The directory "/usr/share/fonts/X11/75dpi/" does not exist.
[    10.012] (WW) The directory "/usr/share/fonts/X11/75dpi" does not exist.
[    10.012] (WW) Hotplugging is on, devices using drivers 'kbd', 'mouse' or 'vmmouse' will be disabled.
[    10.012] (WW) Disabling Keyboard0
[    10.012] (WW) Disabling Mouse0

[0;32m=== OpenGL Information ===[0m
=== GLX Info ===

[0;32m=== GRUB Configuration ===[0m
=== /etc/default/grub ===
GRUB_CMDLINE_LINUX_DEFAULT='quiet splash resume=UUID=c4323d62-0830-4712-be1d-03edb382e261'
GRUB_CMDLINE_LINUX=""

[0;32m=== Kernel Headers ===[0m
ii  linux-headers-6.17.13+2-amd64                       6.17.13-1parrot1                     amd64        Header files for Linux 6.17.13+2-amd64
ii  linux-headers-6.17.13+2-common                      6.17.13-1parrot1                     all          Common header files for Linux 6.17.13+2

[0;32m=== Common Issues Analysis ===[0m
[1;33m[WARNING][0m X server errors detected in log
[1;33m[WARNING][0m X server errors detected in log
  Check: /var/log/Xorg.0.log for details

[0;32m=== Diagnostic Summary ===[0m
Full diagnostic log saved to: nvidia-diagnostic-20260213-195731.log

Next steps:
1. Review the issues found above
2. Check the full log file for detailed information
3. Refer to the main README.md for solutions

Quick checks:
  - GPU detected: Yes
  - NVIDIA loaded: Yes
  - Nouveau loaded: No (good)
  - Display manager: active
