NVIDIA Driver Diagnostic Report v1.3
Generated: Mo 16 Feb 2026 17:47:37 CET
System: parrot
==========================================

[0;32m=== System Information ===[0m
Hostname: parrot
Kernel: 6.17.13+2-amd64
Distribution: Description:	Parrot Security 7.1 (echo)
Architecture: x86_64
Boot parameters: BOOT_IMAGE=/@/boot/vmlinuz-6.17.13+2-amd64 root=UUID=1989bd42-6195-489a-8765-d1df7663aa88 ro rootflags=subvol=@ quiet splash noautomount quiet splash

[0;32m=== Display Session Detection ===[0m
=== Session Type ===
XDG_SESSION_TYPE: wayland
WAYLAND_DISPLAY: wayland-0
DISPLAY: :0
Active session: Wayland

=== Compositor Detection ===
Compositor: KWin (Wayland)

=== Wayland Environment Variables ===
GBM_BACKEND: not set
__GLX_VENDOR_LIBRARY_NAME: not set

=== /etc/environment (NVIDIA-related) ===
No NVIDIA Wayland vars in /etc/environment

[0;32m=== GPU Hardware Detection ===[0m
=== PCI Graphics Devices ===
00:02.0 VGA compatible controller: Intel Corporation Xeon E3-1200 v3/4th Gen Core Processor Integrated Graphics Controller (rev 06)
	Subsystem: Gigabyte Technology Co., Ltd Device d000
	Kernel driver in use: i915
	Kernel modules: i915
--
01:00.0 VGA compatible controller: NVIDIA Corporation GP108 [GeForce GT 1030] (rev a1)
	Subsystem: Gigabyte Technology Co., Ltd Device 3767
	Kernel driver in use: nouveau
	Kernel modules: nouveau

Total GPU devices: 2

=== DUAL-GPU SYSTEM DETECTED ===
Configuration: Intel iGPU + NVIDIA dGPU

=== GPU Primary Status ===
card0 (primary DRM device): NVIDIA
card1 (secondary DRM device): Intel

=== GPU Details ===
00:02.0 VGA compatible controller: Intel Corporation Xeon E3-1200 v3/4th Gen Core Processor Integrated Graphics Controller (rev 06) (prog-if 00 [VGA controller])
	Subsystem: Gigabyte Technology Co., Ltd Device d000
	Flags: bus master, fast devsel, latency 0, IRQ 38, IOMMU group 0
	Memory at f7400000 (64-bit, non-prefetchable) [size=4M]
	Memory at d0000000 (64-bit, prefetchable) [size=256M]
	I/O ports at f000 [size=64]
	Expansion ROM at 000c0000 [virtual] [disabled] [size=128K]
	Capabilities: <access denied>
	Kernel driver in use: i915
	Kernel modules: i915

00:14.0 USB controller: Intel Corporation 8 Series/C220 Series Chipset Family USB xHCI (rev 05) (prog-if 30 [XHCI])
	Subsystem: Gigabyte Technology Co., Ltd Device 5007
	Flags: bus master, medium devsel, latency 0, IRQ 31, IOMMU group 3
	Memory at f7900000 (64-bit, non-prefetchable) [size=64K]
	Capabilities: <access denied>
--
01:00.0 VGA compatible controller: NVIDIA Corporation GP108 [GeForce GT 1030] (rev a1) (prog-if 00 [VGA controller])
	Subsystem: Gigabyte Technology Co., Ltd Device 3767
	Flags: bus master, fast devsel, latency 0, IRQ 37, IOMMU group 2
	Memory at f6000000 (32-bit, non-prefetchable) [size=16M]
	Memory at e0000000 (64-bit, prefetchable) [size=256M]
	Memory at f0000000 (64-bit, prefetchable) [size=32M]
	I/O ports at e000 [size=128]
	Expansion ROM at 000c0000 [disabled] [size=128K]
	Capabilities: <access denied>
	Kernel driver in use: nouveau
	Kernel modules: nouveau

01:00.1 Audio device: NVIDIA Corporation GP108 High Definition Audio Controller (rev a1)
	Subsystem: Gigabyte Technology Co., Ltd Device 3767
	Flags: bus master, fast devsel, latency 0, IRQ 17, IOMMU group 2
	Memory at f7080000 (32-bit, non-prefetchable) [size=16K]

[0;32m=== Current Driver Status ===[0m
=== Loaded Modules ===
[1;33m[WARNING][0m No NVIDIA modules loaded
Nouveau: Not loaded (good)

=== NVIDIA Driver Version ===
[1;33m[WARNING][0m nvidia-smi not available

=== nvidia-drm.modeset Status ===
[1;33m[WARNING][0m nvidia-drm.modeset not detected

[0;32m=== Installed NVIDIA Packages ===[0m
=== Installed NVIDIA packages ===
ii  firmware-nvidia-graphics                            20250410-2                           all          Binary firmware for Nvidia GPU chips
ii  firmware-nvidia-gsp                                 550.163.01-4parrot1                  amd64        NVIDIA GSP firmware
rc  xserver-xorg-video-nvidia                           550.163.01-4parrot1                  amd64        NVIDIA binary Xorg driver

=== EGL/Wayland packages ===
No EGL-Wayland packages found

[0;32m=== Driver Blacklist Configuration ===[0m
[1;33m[WARNING][0m Nouveau not blacklisted


=== All blacklist files ===
/etc/modprobe.d/intel-microcode-blacklist.conf:blacklist microcode

[0;32m=== X Server Configuration ===[0m
=== X Display ===
DISPLAY: :0
No /etc/X11/xorg.conf found

=== /etc/X11/xorg.conf.d/ contents ===
total 4
drwxr-xr-x 1 root root  32 15. Feb 14:03 .
drwxr-xr-x 1 root root 288 15. Feb 14:03 ..
-rw-rw-r-- 1 root root 263 13. Feb 21:14 00-keyboard.conf
--- /etc/X11/xorg.conf.d/00-keyboard.conf ---
# Read and parsed by systemd-localed. It's probably wise not to edit this file
# manually too freely.
Section "InputClass"
        Identifier "system-keyboard"
        MatchIsKeyboard "on"
        Option "XkbLayout" "de"
        Option "XkbVariant" ""
EndSection

[0;32m=== Wayland Configuration ===[0m
=== SDDM Configuration ===
--- /etc/sddm.conf ---
[Autologin]
Session=plasma


--- /etc/sddm.conf.d/ ---
--- /etc/sddm.conf.d/kde_settings.conf ---
[Theme]
GTK_THEME=Breeze
Current=echo-sddm

[Users]
MinimumUid=1000

=== LightDM Configuration ===
--- /etc/lightdm/lightdm.conf ---
[Seat:*]
[Seat:*]
greeter-hide-users=false
greeter-allow-guest=false
#autologin-guest=false
#autologin-user=
#autologin-user-timeout=0
#exit-on-failure=false

=== GDM Configuration ===
No GDM configuration found

=== Wayland Session Files ===
plasma.desktop

=== X11 Session Files ===
lightdm-xsession.desktop
plasmax11.desktop

[0;32m=== Display Manager Status ===[0m
=== Active Display Manager ===
● lightdm.service - Light Display Manager
     Loaded: loaded (/usr/lib/systemd/system/lightdm.service; enabled; preset: enabled)
     Active: active (running) since Mon 2026-02-16 17:05:34 CET; 42min ago
 Invocation: 7717407233064b2ca0b0db445c406647
       Docs: man:lightdm(1)
   Main PID: 1096 (lightdm)
      Tasks: 4 (limit: 18645)
     Memory: 154.7M (peak: 211.9M)
        CPU: 1.191s
     CGroup: /system.slice/lightdm.service
             └─1096 /usr/sbin/lightdm

Warning: some journal files were not opened due to insufficient permissions.

=== Enabled Display Managers ===
lightdm.service                              enabled         enabled
sddm.service                                 disabled        enabled

[0;32m=== Dual-GPU Service Status ===[0m
nvidia-primary.service: Not installed

[0;32m=== Recent Relevant Logs ===[0m
=== Kernel Messages (NVIDIA/Nouveau) ===
No kernel messages found

=== System Journal (last boot) ===
Feb 16 17:05:46 parrot ksystemstats[1718]: org.kde.ksystemstats.gpu: Could not retrieve information for NVidia GPU "0000:01:00.0"

=== X Server Log (errors/warnings) ===
	(WW) warning, (EE) error, (NI) not implemented, (??) unknown.
[     6.718] (WW) The directory "/usr/share/fonts/X11/cyrillic" does not exist.
[     6.718] (WW) The directory "/usr/share/fonts/X11/75dpi/" does not exist.
[     6.719] (WW) The directory "/usr/share/fonts/X11/75dpi" does not exist.
[     7.215] (WW) Falling back to old probe method for fbdev
[     8.044] (WW) Option "xkb_variant" requires a string value
[     8.100] (WW) Option "xkb_variant" requires a string value
[     8.124] (WW) Option "xkb_variant" requires a string value
[     8.160] (WW) Option "xkb_variant" requires a string value
[     8.176] (WW) Option "xkb_variant" requires a string value
[     8.204] (WW) Option "xkb_variant" requires a string value
[     8.431] (WW) Option "xkb_variant" requires a string value

=== Wayland/KWin Logs ===
Feb 16 17:05:44 parrot kwin_wayland_wrapper[1493]: kwin_wayland_drm: drmSetClientCap for Atomic Mode Setting failed. Using legacy mode on GPU "/dev/dri/card0"
Feb 16 17:05:45 parrot kwin_wayland_wrapper[1493]: kf.svg: Could not locate KSvg image set "Echo" in "plasma/desktoptheme/" using search path QList("/home/crootstein/.local/share", "/home/crootstein/.local/share/flatpak/exports/share", "/var/lib/flatpak/exports/share", "/usr/local/share", "/usr/share")
Feb 16 17:05:45 parrot kwin_wayland_wrapper[1493]: kf.plasma.core: Could not locate plasma theme "Echo" in plasma/desktoptheme/ using search path QList("/home/crootstein/.local/share", "/home/crootstein/.local/share/flatpak/exports/share", "/var/lib/flatpak/exports/share", "/usr/local/share", "/usr/share")
Feb 16 17:05:45 parrot kwin_wayland_wrapper[1574]: The XKEYBOARD keymap compiler (xkbcomp) reports:
Feb 16 17:05:45 parrot kwin_wayland_wrapper[1574]: > Warning:          Unsupported maximum keycode 708, clipping.
Feb 16 17:05:45 parrot kwin_wayland_wrapper[1574]: >                   X11 cannot support keycodes above 255.
Feb 16 17:05:45 parrot kwin_wayland_wrapper[1574]: > Warning:          Could not resolve keysym XF86KbdInputAssistPrevgrou
Feb 16 17:05:45 parrot kwin_wayland_wrapper[1574]: > Warning:          Could not resolve keysym XF86KbdInputAssistNextgrou
Feb 16 17:05:45 parrot kwin_wayland_wrapper[1574]: Errors from xkbcomp are not fatal to the X server
Feb 16 17:05:45 parrot kwin_wayland_wrapper[1576]: Initializing  "/usr/lib/x86_64-linux-gnu/qt6/plugins/plasma/kcms/systemsettings/kcm_fonts.so"
Feb 16 17:05:45 parrot kwin_wayland_wrapper[1576]: Initializing  "/usr/lib/x86_64-linux-gnu/qt6/plugins/plasma/kcms/systemsettings/kcm_style.so"
Feb 16 17:05:46 parrot systemd[1337]: Reached target plasma-workspace-wayland.target.
Feb 16 17:05:46 parrot systemd[1337]: Starting app-org.kde.xwaylandvideobridge@autostart.service - Xwayland Video Bridge...
Feb 16 17:05:46 parrot systemd[1337]: Started app-org.kde.xwaylandvideobridge@autostart.service - Xwayland Video Bridge.
Feb 16 17:05:47 parrot kwin_wayland_wrapper[1493]: kf.windowsystem: static bool KX11Extras::mapViewport() may only be used on X11
Feb 16 17:05:54 parrot kwin_wayland_wrapper[1493]: Module 'org.kde.kwin.decoration' does not contain a module identifier directive - it cannot be protected from external registrations.
Feb 16 17:06:46 parrot drkonqi-coredump-processor[1666]: "/usr/bin/xwaylandvideobridge" 15463 "/var/lib/systemd/coredump/core.xwaylandvideobr.1000.ee2903ab12234e3c9c8cd88b188d541a.15463.1771160635000000.zst"
Feb 16 17:06:46 parrot drkonqi-coredump-processor[1666]: "/usr/bin/xwaylandvideobridge" 16151 "/var/lib/systemd/coredump/core.xwaylandvideobr.1000.ee2903ab12234e3c9c8cd88b188d541a.16151.1771160646000000.zst"
Feb 16 17:06:46 parrot drkonqi-coredump-processor[1666]: "/usr/bin/xwaylandvideobridge" 16996 "/var/lib/systemd/coredump/core.xwaylandvideobr.1000.ee2903ab12234e3c9c8cd88b188d541a.16996.1771160664000000.zst"
Feb 16 17:06:47 parrot drkonqi-coredump-launcher[2208]: Unable to find file for pid 15463 expected at "kcrash-metadata/xwaylandvideobridge.ee2903ab12234e3c9c8cd88b188d541a.15463.ini"
Feb 16 17:06:47 parrot drkonqi-coredump-launcher[2244]: Unable to find file for pid 16996 expected at "kcrash-metadata/xwaylandvideobridge.ee2903ab12234e3c9c8cd88b188d541a.16996.ini"
Feb 16 17:24:24 parrot systemsettings[2929]: kcm_touchpad: Using KWin+Wayland backend
                                               #5  0x00007f34a776f527 n/a (libQt6WaylandClient.so.6 + 0x7a527)
                                               #4  0x00007f34a776f587 n/a (libQt6WaylandClient.so.6 + 0x7a587)
Feb 16 17:30:11 parrot kwin_wayland_wrapper[1493]: kf.svg: Could not locate KSvg image set "Echo" in "plasma/desktoptheme/" using search path QList("/home/crootstein/.local/share", "/home/crootstein/.local/share/flatpak/exports/share", "/var/lib/flatpak/exports/share", "/usr/local/share", "/usr/share")
Feb 16 17:30:15 parrot kwin_wayland_wrapper[1493]: kwin_scene_opengl: 0x3: GL_INVALID_OPERATION in glDrawBuffers(unsupported buffer GL_BACK_LEFT)
Feb 16 17:30:15 parrot kwin_wayland_wrapper[1493]: kwin_libinput: Libinput: event6  - E-Signal USB Gaming Mouse: client bug: event processing lagging behind by 33ms, your system is too slow
Feb 16 17:30:15 parrot kwin_wayland_wrapper[1493]: kwin_scene_opengl: 0x3: GL_INVALID_OPERATION in glDrawBuffers(unsupported buffer GL_BACK_LEFT)
Feb 16 17:30:15 parrot kwin_wayland_wrapper[1493]: kwin_scene_opengl: 0x3: GL_INVALID_OPERATION in glDrawBuffers(unsupported buffer GL_BACK_LEFT)
Feb 16 17:46:23 parrot kwin_wayland_wrapper[1493]: qt.qml.context: file:///usr/share/kwin/aurorae/AuroraeMaximizeButton.qml:54:9 Parameter "mouse" is not declared. Injection of parameters into signal handlers is deprecated. Use JavaScript functions with formal parameters instead.

[0;32m=== Graphics API Information ===[0m
=== OpenGL (GLX) Info ===
OpenGL vendor string: Mesa
OpenGL renderer string: NV138
OpenGL version string: 4.3 (Compatibility Profile) Mesa 25.0.7-2

=== EGL Info ===
EGL client extensions string:
    EGL_EXT_client_extensions, EGL_EXT_device_base, 
    EGL_EXT_device_enumeration, EGL_EXT_device_query, EGL_EXT_explicit_device, 
    EGL_EXT_platform_base, EGL_EXT_platform_device, EGL_EXT_platform_wayland, 
    EGL_EXT_platform_x11, EGL_EXT_platform_xcb, 
    EGL_KHR_client_get_all_proc_addresses, EGL_KHR_debug, 
    EGL_KHR_platform_gbm, EGL_KHR_platform_wayland, EGL_KHR_platform_x11, 
    EGL_MESA_platform_gbm, EGL_MESA_platform_surfaceless

GBM platform:
EGL API version: 1.5
EGL vendor string: Mesa Project
EGL version string: 1.5
EGL client APIs: OpenGL OpenGL_ES 
EGL driver name: crocus
EGL extensions string:
    EGL_ANDROID_blob_cache, EGL_ANDROID_native_fence_sync, EGL_EXT_buffer_age, 
    EGL_EXT_config_select_group, EGL_EXT_create_context_robustness, 
    EGL_EXT_image_dma_buf_import, EGL_EXT_image_dma_buf_import_modifiers, 
    EGL_EXT_pixel_format_float, EGL_EXT_query_reset_notification_strategy, 
    EGL_EXT_surface_compression, EGL_IMG_context_priority, EGL_KHR_cl_event2, 
    EGL_KHR_config_attribs, EGL_KHR_context_flush_control, 
    EGL_KHR_create_context, EGL_KHR_create_context_no_error, 
    EGL_KHR_fence_sync, EGL_KHR_get_all_proc_addresses, EGL_KHR_gl_colorspace, 
    EGL_KHR_gl_renderbuffer_image, EGL_KHR_gl_texture_2D_image, 
    EGL_KHR_gl_texture_3D_image, EGL_KHR_gl_texture_cubemap_image, 
    EGL_KHR_image, EGL_KHR_image_base, EGL_KHR_image_pixmap, 
    EGL_KHR_no_config_context, EGL_KHR_reusable_sync, 
    EGL_KHR_surfaceless_context, EGL_KHR_wait_sync, 
    EGL_MESA_configless_context, EGL_MESA_drm_image, EGL_MESA_gl_interop, 
eglinfo failed

=== Wayland Info ===
interface: 'wl_compositor',                              version:  6, name:  1
interface: 'zwp_tablet_manager_v2',                      version:  1, name:  3
interface: 'zwp_keyboard_shortcuts_inhibit_manager_v1',  version:  1, name:  4
interface: 'zxdg_decoration_manager_v1',                 version:  1, name:  5
interface: 'wp_viewporter',                              version:  1, name:  6
interface: 'wp_security_context_manager_v1',             version:  1, name:  7
interface: 'wp_fractional_scale_manager_v1',             version:  1, name:  8
interface: 'wl_shm',                                     version:  1, name:  9
	formats (fourcc):
	0x34324752 = 'RG24'
	0x34324742 = 'BG24'
	0x38344258 = 'XB48'
	0x38344241 = 'AB48'
	0x30334258 = 'XB30'
	0x30334241 = 'AB30'
	0x30335258 = 'XR30'
	0x30335241 = 'AR30'
	         1 = 'XR24'
	         0 = 'AR24'
interface: 'wl_seat',                                    version:  9, name: 10
wayland-info failed (no Wayland session?)

=== Vulkan Info ===
==========
VULKANINFO
==========

Vulkan Instance Version: 1.4.309


Instance Extensions: count = 24
-------------------------------
VK_EXT_acquire_drm_display             : extension revision 1
VK_EXT_acquire_xlib_display            : extension revision 1
VK_EXT_debug_report                    : extension revision 10
VK_EXT_debug_utils                     : extension revision 2
VK_EXT_direct_mode_display             : extension revision 1
VK_EXT_display_surface_counter         : extension revision 1
VK_EXT_headless_surface                : extension revision 1
VK_EXT_surface_maintenance1            : extension revision 1
VK_EXT_swapchain_colorspace            : extension revision 5
VK_KHR_device_group_creation           : extension revision 1
VK_KHR_display                         : extension revision 23
VK_KHR_external_fence_capabilities     : extension revision 1
VK_KHR_external_memory_capabilities    : extension revision 1
VK_KHR_external_semaphore_capabilities : extension revision 1
VK_KHR_get_display_properties2         : extension revision 1
VK_KHR_get_physical_device_properties2 : extension revision 2
VK_KHR_get_surface_capabilities2       : extension revision 1
VK_KHR_portability_enumeration         : extension revision 1
VK_KHR_surface                         : extension revision 25
VK_KHR_surface_protected_capabilities  : extension revision 1
VK_KHR_wayland_surface                 : extension revision 6
VK_KHR_xcb_surface                     : extension revision 6
VK_KHR_xlib_surface                    : extension revision 6
VK_LUNARG_direct_driver_loading        : extension revision 1

Instance Layers: count = 3
--------------------------
VK_LAYER_INTEL_nullhw       INTEL NULL HW                1.1.73   version 1
VK_LAYER_MESA_device_select Linux device selection layer 1.4.303  version 1
VK_LAYER_MESA_overlay       Mesa Overlay layer           1.4.303  version 1

Devices:
========
GPU0:
	apiVersion         = 1.2.305
	driverVersion      = 25.0.7
	vendorID           = 0x8086
	deviceID           = 0x0412
	deviceType         = PHYSICAL_DEVICE_TYPE_INTEGRATED_GPU
	deviceName         = Intel(R) HD Graphics 4600 (HSW GT2)
	driverID           = DRIVER_ID_INTEL_OPEN_SOURCE_MESA
	driverName         = Intel open-source Mesa driver
	driverInfo         = Mesa 25.0.7-2
	conformanceVersion = 0.0.0.0
	deviceUUID         = 86801204-0600-0000-0002-000000000000
	driverUUID         = 972ad131-3265-60d8-9e3d-6f4283172803
GPU1:
	apiVersion         = 1.4.305
	driverVersion      = 0.0.1
	vendorID           = 0x10005
	deviceID           = 0x0000
	deviceType         = PHYSICAL_DEVICE_TYPE_CPU
	deviceName         = llvmpipe (LLVM 19.1.7, 256 bits)
	driverID           = DRIVER_ID_MESA_LLVMPIPE
	driverName         = llvmpipe
	driverInfo         = Mesa 25.0.7-2 (LLVM 19.1.7)
	conformanceVersion = 1.3.1.1
	deviceUUID         = 6d657361-3235-2e30-2e37-2d3200000000
	driverUUID         = 6c6c766d-7069-7065-5555-494400000000

[0;32m=== GRUB Configuration ===[0m
=== /etc/default/grub ===
GRUB_CMDLINE_LINUX_DEFAULT='quiet splash'
GRUB_CMDLINE_LINUX=""

[0;32m=== Kernel Headers ===[0m
linux-headers-6.17.13+2-amd64: installed

[0;32m=== NVIDIA Wayland Deep Checks ===[0m
=== nvidia-drm.fbdev Status ===
nvidia-drm.fbdev: Not detected
[1;33m[WARNING][0m Kernel 6.x+ detected — nvidia-drm.fbdev=1 is recommended for framebuffer console on Wayland

=== NVreg_PreserveVideoMemoryAllocations Status ===
PreserveVideoMemoryAllocations: Not detected
[1;33m[WARNING][0m Required for suspend/resume on Wayland — add NVreg_PreserveVideoMemoryAllocations=1 to kernel params or /etc/modprobe.d/nvidia.conf

=== NVIDIA Power Management Services ===
[1;33m[WARNING][0m nvidia-suspend.service: not enabled (required for suspend/resume with PreserveVideoMemoryAllocations)
[1;33m[WARNING][0m nvidia-resume.service: not enabled (required for suspend/resume with PreserveVideoMemoryAllocations)
[1;33m[WARNING][0m nvidia-hibernate.service: not enabled (required for suspend/resume with PreserveVideoMemoryAllocations)

=== GBM vs EGL Stream Backend Detection ===
Backend: Not explicitly configured
  GBM_BACKEND: not set
  __NV_PRIME_RENDER_OFFLOAD: not set

=== Explicit Sync Support ===
  Kernel: 6.17.13+2-amd64 (needs >= 6.8 for explicit sync: true)
  Driver: unknown (needs >= 555 for explicit sync: false)
[1;33m[WARNING][0m Driver < 555 — upgrade NVIDIA driver for explicit sync support

[0;32m=== Common Issues Analysis ===[0m
[1;33m[WARNING][0m X server errors detected in log
  Check: /var/log/Xorg.0.log for details
[0;31m[ERROR][0m Wayland session but nvidia-drm.modeset=1 not in boot parameters
  Fix: Add nvidia-drm.modeset=1 to GRUB_CMDLINE_LINUX_DEFAULT
[1;33m[WARNING][0m GBM_BACKEND not set to nvidia-drm
  Fix: Add GBM_BACKEND=nvidia-drm to /etc/environment
[1;33m[WARNING][0m EGL-Wayland library not installed
  Fix: apt install libnvidia-egl-wayland1
[1;33m[WARNING][0m nvidia-drm.fbdev=1 not set (recommended on kernel 6.x+ for Wayland framebuffer console)
  Fix: Add nvidia-drm.fbdev=1 to GRUB_CMDLINE_LINUX_DEFAULT
[1;33m[WARNING][0m NVreg_PreserveVideoMemoryAllocations=1 not set (required for suspend/resume on Wayland)
  Fix: Add 'options nvidia NVreg_PreserveVideoMemoryAllocations=1' to /etc/modprobe.d/nvidia.conf
[1;33m[WARNING][0m nvidia-suspend.service not enabled (required for Wayland suspend/resume)
  Fix: systemctl enable nvidia-suspend.service
[1;33m[WARNING][0m nvidia-resume.service not enabled (required for Wayland suspend/resume)
  Fix: systemctl enable nvidia-resume.service
[1;33m[WARNING][0m nvidia-hibernate.service not enabled (required for Wayland suspend/resume)
  Fix: systemctl enable nvidia-hibernate.service

[1;33mFound 9 potential issue(s)[0m

[0;32m=== Recent Failure Logs ===[0m
No recent failure logs found (last 7 days)
[0;32mClean — no recorded failures[0m

[0;32m=== Diagnostic Summary ===[0m
Full diagnostic log saved to: nvidia-diagnostic-20260216-174737.log

Quick checks:
  - GPU detected: Yes
  - GPU count: 2
  - NVIDIA loaded: No
  - Nouveau loaded: No (good)
  - Display manager: active
  - Session type: wayland
  - nvidia-drm.modeset=1: No

Next steps:
1. Review the issues found above
2. Check the full log file for detailed information
3. Refer to docs/QUICK-TROUBLESHOOTING.md for solutions
4. Refer to docs/WAYLAND-SUPPORT.md for Wayland-specific help
