NVIDIA Driver Diagnostic Report v1.2
Generated: So 15 Feb 2026 04:14:49 CET
System: parrot
==========================================

[0;32m=== System Information ===[0m
Hostname: parrot
Kernel: 6.17.13+2-amd64
Distribution: Description:	Parrot Security 7.1 (echo)
Architecture: x86_64
Boot parameters: BOOT_IMAGE=/@/boot/vmlinuz-6.17.13+2-amd64 root=UUID=1989bd42-6195-489a-8765-d1df7663aa88 ro rootflags=subvol=@ quiet splash noautomount quiet splash

[0;32m=== Display Session Detection ===[0m
=== Session Type ===
XDG_SESSION_TYPE: not set
WAYLAND_DISPLAY: not set
DISPLAY: not set
Active session: Unknown (no display session detected — running from TTY?)

=== Compositor Detection ===
Compositor: Unknown or not running

=== Wayland Environment Variables ===
GBM_BACKEND: not set
__GLX_VENDOR_LIBRARY_NAME: not set

=== /etc/environment (NVIDIA-related) ===
GBM_BACKEND=nvidia-drm
__GLX_VENDOR_LIBRARY_NAME=nvidia

[0;32m=== GPU Hardware Detection ===[0m
=== PCI Graphics Devices ===
00:02.0 VGA compatible controller: Intel Corporation Xeon E3-1200 v3/4th Gen Core Processor Integrated Graphics Controller (rev 06)
	Subsystem: Gigabyte Technology Co., Ltd Device d000
	Kernel modules: i915
00:14.0 USB controller: Intel Corporation 8 Series/C220 Series Chipset Family USB xHCI (rev 05)
--
01:00.0 VGA compatible controller: NVIDIA Corporation GP108 [GeForce GT 1030] (rev a1)
	Subsystem: Gigabyte Technology Co., Ltd Device 3767
	Kernel driver in use: nvidia
	Kernel modules: nvidia

Total GPU devices: 2

=== DUAL-GPU SYSTEM DETECTED ===
Configuration: Intel iGPU + NVIDIA dGPU

=== GPU Primary Status ===
card0 (primary DRM device): NVIDIA

=== GPU Details ===
00:02.0 VGA compatible controller: Intel Corporation Xeon E3-1200 v3/4th Gen Core Processor Integrated Graphics Controller (rev 06) (prog-if 00 [VGA controller])
	Subsystem: Gigabyte Technology Co., Ltd Device d000
	Flags: bus master, fast devsel, latency 0, IRQ 11, IOMMU group 0
	Memory at f7400000 (64-bit, non-prefetchable) [size=4M]
	Memory at d0000000 (64-bit, prefetchable) [size=256M]
	I/O ports at f000 [disabled] [size=64]
	Expansion ROM at 000c0000 [virtual] [disabled] [size=128K]
	Capabilities: [90] MSI: Enable- Count=1/1 Maskable- 64bit-
	Capabilities: [d0] Power Management version 2
	Capabilities: [a4] PCI Advanced Features
	Kernel modules: i915

00:14.0 USB controller: Intel Corporation 8 Series/C220 Series Chipset Family USB xHCI (rev 05) (prog-if 30 [XHCI])
	Subsystem: Gigabyte Technology Co., Ltd Device 5007
	Flags: bus master, medium devsel, latency 0, IRQ 31, IOMMU group 3
	Memory at f7900000 (64-bit, non-prefetchable) [size=64K]
--
01:00.0 VGA compatible controller: NVIDIA Corporation GP108 [GeForce GT 1030] (rev a1) (prog-if 00 [VGA controller])
	Subsystem: Gigabyte Technology Co., Ltd Device 3767
	Flags: bus master, fast devsel, latency 0, IRQ 39, IOMMU group 2
	Memory at f6000000 (32-bit, non-prefetchable) [size=16M]
	Memory at e0000000 (64-bit, prefetchable) [size=256M]
	Memory at f0000000 (64-bit, prefetchable) [size=32M]
	I/O ports at e000 [size=128]
	Expansion ROM at 000c0000 [virtual] [disabled] [size=128K]
	Capabilities: [60] Power Management version 3
	Capabilities: [68] MSI: Enable+ Count=1/1 Maskable- 64bit+
	Capabilities: [78] Express Legacy Endpoint, IntMsgNum 0
	Capabilities: [100] Virtual Channel
	Capabilities: [250] Latency Tolerance Reporting
	Capabilities: [128] Power Budgeting <?>
	Capabilities: [420] Advanced Error Reporting
	Capabilities: [600] Vendor Specific Information: ID=0001 Rev=1 Len=024 <?>

[0;32m=== Current Driver Status ===[0m
=== Loaded Modules ===
[1;33m[WARNING][0m No NVIDIA modules loaded
[1;33m[WARNING][0m No NVIDIA modules loaded
Nouveau: Not loaded (good)

=== NVIDIA Driver Version ===
550.163.01

=== nvidia-drm.modeset Status ===
nvidia-drm.modeset: N (via module parameter)

[0;32m=== Installed NVIDIA Packages ===[0m
=== Debian/Ubuntu packages ===
ii  firmware-nvidia-graphics                            20250410-2                           all          Binary firmware for Nvidia GPU chips
ii  firmware-nvidia-gsp                                 550.163.01-4parrot1                  amd64        NVIDIA GSP firmware
ii  glx-alternative-nvidia                              1.2.2                                amd64        allows the selection of NVIDIA as GLX provider
ii  libcuda1:amd64                                      550.163.01-4parrot1                  amd64        NVIDIA CUDA Driver Library
ii  libegl-nvidia0:amd64                                550.163.01-4parrot1                  amd64        NVIDIA binary EGL library
ii  libgl1-nvidia-glvnd-glx:amd64                       550.163.01-4parrot1                  amd64        NVIDIA binary OpenGL/GLX library (GLVND variant)
ii  libgles-nvidia1:amd64                               550.163.01-4parrot1                  amd64        NVIDIA binary OpenGL|ES 1.x library
ii  libgles-nvidia2:amd64                               550.163.01-4parrot1                  amd64        NVIDIA binary OpenGL|ES 2.x library
ii  libglx-nvidia0:amd64                                550.163.01-4parrot1                  amd64        NVIDIA binary GLX library
ii  libnvcuvid1:amd64                                   550.163.01-4parrot1                  amd64        NVIDIA CUDA Video Decoder runtime library
ii  libnvidia-allocator1:amd64                          550.163.01-4parrot1                  amd64        NVIDIA allocator runtime library
ii  libnvidia-cfg1:amd64                                550.163.01-4parrot1                  amd64        NVIDIA binary OpenGL/GLX configuration library
ii  libnvidia-egl-gbm1:amd64                            1.1.2.1-1                            amd64        GBM EGL external platform library for NVIDIA
ii  libnvidia-egl-wayland1:amd64                        1:1.1.18-1                           amd64        Wayland EGL External Platform library -- shared library
ii  libnvidia-eglcore:amd64                             550.163.01-4parrot1                  amd64        NVIDIA binary EGL core libraries
ii  libnvidia-encode1:amd64                             550.163.01-4parrot1                  amd64        NVENC Video Encoding runtime library
ii  libnvidia-glcore:amd64                              550.163.01-4parrot1                  amd64        NVIDIA binary OpenGL/GLX core libraries
ii  libnvidia-glvkspirv:amd64                           550.163.01-4parrot1                  amd64        NVIDIA binary Vulkan Spir-V compiler library
ii  libnvidia-gpucomp:amd64                             550.163.01-4parrot1                  amd64        NVIDIA binary GPU compiler library
ii  libnvidia-ml1:amd64                                 550.163.01-4parrot1                  amd64        NVIDIA Management Library (NVML) runtime library
ii  libnvidia-pkcs11-openssl3:amd64                     550.163.01-4parrot1                  amd64        NVIDIA PKCS #11 Library (OpenSSL 3)
ii  libnvidia-ptxjitcompiler1:amd64                     550.163.01-4parrot1                  amd64        NVIDIA PTX JIT Compiler library
ii  libnvidia-rtcore:amd64                              550.163.01-4parrot1                  amd64        NVIDIA binary Vulkan ray tracing (rtcore) library
ii  nvidia-alternative                                  550.163.01-4parrot1                  amd64        allows the selection of NVIDIA as GLX provider
ii  nvidia-driver                                       550.163.01-4parrot1                  amd64        NVIDIA metapackage
ii  nvidia-driver-bin                                   550.163.01-4parrot1                  amd64        NVIDIA driver support binaries
ii  nvidia-driver-libs:amd64                            550.163.01-4parrot1                  amd64        NVIDIA metapackage (OpenGL/GLX/EGL/GLES libraries)
ii  nvidia-egl-common                                   550.163.01-4parrot1                  amd64        NVIDIA binary EGL driver - common files
ii  nvidia-egl-icd:amd64                                550.163.01-4parrot1                  amd64        NVIDIA EGL installable client driver (ICD)
ii  nvidia-installer-cleanup                            20240109+1                           amd64        cleanup after driver installation with the nvidia-installer
ii  nvidia-kernel-common                                20240109+1                           amd64        NVIDIA binary kernel module support files
ii  nvidia-kernel-dkms                                  550.163.01-4parrot1                  amd64        NVIDIA binary kernel module DKMS source
ii  nvidia-kernel-support                               550.163.01-4parrot1                  amd64        NVIDIA binary kernel module support files
ii  nvidia-legacy-check                                 550.163.01-4parrot1                  amd64        check for NVIDIA GPUs requiring a legacy driver
ii  nvidia-modprobe                                     570.133.07-1                         amd64        utility to load NVIDIA kernel modules and create device nodes
ii  nvidia-persistenced                                 550.163.01-1                         amd64        daemon to maintain persistent software state in the NVIDIA driver
ii  nvidia-settings                                     550.163.01-1                         amd64        tool for configuring the NVIDIA graphics driver
ii  nvidia-smi                                          550.163.01-4parrot1                  amd64        NVIDIA System Management Interface
ii  nvidia-support                                      20240109+1                           amd64        NVIDIA binary graphics driver support files
ii  nvidia-suspend-common                               550.163.01-4parrot1                  amd64        NVIDIA driver - systemd power management scripts
ii  nvidia-vdpau-driver:amd64                           550.163.01-4parrot1                  amd64        Video Decode and Presentation API for Unix - NVIDIA driver
ii  nvidia-vulkan-common                                550.163.01-4parrot1                  amd64        NVIDIA Vulkan driver - common files
ii  nvidia-vulkan-icd:amd64                             550.163.01-4parrot1                  amd64        NVIDIA Vulkan installable client driver (ICD)
ii  xserver-xorg-video-nvidia                           550.163.01-4parrot1                  amd64        NVIDIA binary Xorg driver

=== EGL/Wayland packages ===
ii  libnvidia-egl-gbm1:amd64                            1.1.2.1-1                            amd64        GBM EGL external platform library for NVIDIA
ii  libnvidia-egl-wayland1:amd64                        1:1.1.18-1                           amd64        Wayland EGL External Platform library -- shared library
ii  libnvidia-eglcore:amd64                             550.163.01-4parrot1                  amd64        NVIDIA binary EGL core libraries

[0;32m=== Driver Blacklist Configuration ===[0m
=== /etc/modprobe.d/blacklist-nouveau.conf ===
blacklist nouveau
options nouveau modeset=0

=== /etc/modprobe.d/blacklist-intel.conf ===
# Blacklist Intel graphics to force NVIDIA
blacklist i915
blacklist intel_agp

=== All blacklist files ===
/etc/modprobe.d/intel-microcode-blacklist.conf:blacklist microcode
/etc/modprobe.d/blacklist-nouveau.conf:blacklist nouveau
/etc/modprobe.d/blacklist-intel.conf:blacklist i915
/etc/modprobe.d/blacklist-intel.conf:blacklist intel_agp

[0;32m=== X Server Configuration ===[0m
=== X Display ===
DISPLAY: not set
=== /etc/X11/xorg.conf exists ===
# Dual GPU Configuration — Force NVIDIA as Primary
# Generated by nvidia-install.sh v1.2

Section "ServerLayout"
    Identifier     "Layout0"
    Screen      0  "Screen0" 0 0
    Option         "Xinerama" "0"
EndSection

Section "Monitor"
    Identifier     "Monitor0"
    VendorName     "Unknown"
    ModelName      "Unknown"
    Option         "DPMS"
EndSection

Section "Device"
    Identifier     "Device0"
    Driver         "nvidia"
    VendorName     "NVIDIA Corporation"
    BoardName      "NVIDIA Corporation GP108 [GeForce GT 1030] (rev a1)"
    BusID          "PCI:1:0:0"
    Option         "TripleBuffer" "True"
    Option         "AllowEmptyInitialConfiguration"
EndSection

Section "Screen"
    Identifier     "Screen0"
    Device         "Device0"
    Monitor        "Monitor0"
    DefaultDepth    24
    SubSection     "Display"
        Depth       24
    EndSubSection
EndSection

=== /etc/X11/xorg.conf.d/ contents ===
total 8
drwxr-xr-x 1 root root  60 15. Feb 04:09 .
drwxr-xr-x 1 root root 306 15. Feb 04:09 ..
-rw-rw-r-- 1 root root 263 13. Feb 21:14 00-keyboard.conf
-rw-r--r-- 1 root root 133 15. Feb 04:09 20-nvidia.conf
--- /etc/X11/xorg.conf.d/00-keyboard.conf ---
# Read and parsed by systemd-localed. It's probably wise not to edit this file
# manually too freely.
Section "InputClass"
        Identifier "system-keyboard"
        MatchIsKeyboard "on"
        Option "XkbLayout" "de"
        Option "XkbVariant" ""
EndSection
--- /etc/X11/xorg.conf.d/20-nvidia.conf ---
Section "Device"
    Identifier     "NVIDIA Graphics"
    Driver         "nvidia"
    VendorName     "NVIDIA Corporation"
EndSection

[0;32m=== Wayland Configuration ===[0m
=== SDDM Configuration ===
--- /etc/sddm.conf ---
[Autologin]
Session=plasma


--- /etc/sddm.conf.d/ ---
--- /etc/sddm.conf.d/kde_settings.conf ---
[Theme]
GTK_THEME=Breeze
Current=echo-sddm

[Users]
MinimumUid=1000

=== GDM Configuration ===
No GDM configuration found

=== Wayland Session Files ===
plasma.desktop

=== X11 Session Files ===
lightdm-xsession.desktop
plasmax11.desktop

[0;32m=== Display Manager Status ===[0m
=== Active Display Manager ===
● lightdm.service - Light Display Manager
     Loaded: loaded (/usr/lib/systemd/system/lightdm.service; enabled; preset: enabled)
     Active: active (running) since Sun 2026-02-15 04:10:49 CET; 4min 2s ago
 Invocation: 42060c9649c94e6684cf4bf371f0f68d
       Docs: man:lightdm(1)
   Main PID: 1003 (lightdm)
      Tasks: 5 (limit: 18645)
     Memory: 14.9M (peak: 15.5M)
        CPU: 37ms
     CGroup: /system.slice/lightdm.service
             ├─1003 /usr/sbin/lightdm
             └─1023 /usr/lib/xorg/Xorg :0 -seat seat0 -auth /var/run/lightdm/root/:0 -nolisten tcp vt7 -novtswitch

Feb 15 04:10:49 parrot systemd[1]: Starting lightdm.service - Light Display Manager...
Feb 15 04:10:49 parrot systemd[1]: Started lightdm.service - Light Display Manager.

=== Enabled Display Managers ===
lightdm.service                              enabled         enabled
sddm.service                                 disabled        enabled

[0;32m=== Dual-GPU Service Status ===[0m
=== nvidia-primary.service ===
● nvidia-primary.service - Set NVIDIA as primary GPU display provider
     Loaded: loaded (/etc/systemd/system/nvidia-primary.service; enabled; preset: enabled)
     Active: active (exited) since Sun 2026-02-15 04:10:51 CET; 4min 1s ago
 Invocation: 85f85471a5f34997aa812a6218a18be3
    Process: 1026 ExecStart=/usr/local/bin/nvidia-primary.sh (code=exited, status=0/SUCCESS)
   Main PID: 1026 (code=exited, status=0/SUCCESS)
   Mem peak: 2M
        CPU: 11ms

Feb 15 04:10:49 parrot systemd[1]: Starting nvidia-primary.service - Set NVIDIA as primary GPU display provider...
Feb 15 04:10:51 parrot systemd[1]: Finished nvidia-primary.service - Set NVIDIA as primary GPU display provider.

=== /usr/local/bin/nvidia-primary.sh ===
#!/bin/bash
# Set NVIDIA as primary display provider on startup
sleep 2
xrandr --setprovideroutputsource modesetting NVIDIA-0 2>/dev/null || true
xrandr --auto 2>/dev/null || true

[0;32m=== Recent Relevant Logs ===[0m
=== Kernel Messages (NVIDIA/Nouveau) ===
[    3.832556] input: HDA NVidia HDMI/DP,pcm=3 as /devices/pci0000:00/0000:00:01.0/0000:01:00.1/sound/card1/input14
[    3.832599] input: HDA NVidia HDMI/DP,pcm=7 as /devices/pci0000:00/0000:00:01.0/0000:01:00.1/sound/card1/input15
[    3.832633] input: HDA NVidia HDMI/DP,pcm=8 as /devices/pci0000:00/0000:00:01.0/0000:01:00.1/sound/card1/input16
[    3.832665] input: HDA NVidia HDMI/DP,pcm=9 as /devices/pci0000:00/0000:00:01.0/0000:01:00.1/sound/card1/input17
[    5.041020] nvidia: loading out-of-tree module taints kernel.
[    5.041028] nvidia: module license 'NVIDIA' taints kernel.
[    5.041032] nvidia: module verification failed: signature and/or required key missing - tainting kernel
[    5.041033] nvidia: module license taints kernel.
[    5.407609] nvidia-nvlink: Nvlink Core is being initialized, major device number 239
[    5.408776] nvidia 0000:01:00.0: vgaarb: VGA decodes changed: olddecodes=io+mem,decodes=none:owns=io+mem
[    5.524483] NVRM: loading NVIDIA UNIX x86_64 Kernel Module  550.163.01  Tue Apr  8 12:41:17 UTC 2025
[    7.186049] nvidia-modeset: Loading NVIDIA Kernel Mode Setting Driver for UNIX platforms  550.163.01  Tue Apr  8 12:09:34 UTC 2025
[    8.888899] [drm] [nvidia-drm] [GPU ID 0x00000100] Loading driver
[    8.888902] [drm] Initialized nvidia-drm 0.0.0 for 0000:01:00.0 on minor 0
[   10.003628] audit: type=1400 audit(1771125049.227:164): apparmor="ALLOWED" operation="open" class="file" profile="Xorg" name="/etc/nvidia/current/nvidia-drm-outputclass.conf" pid=1023 comm="Xorg" requested_mask="r" denied_mask="r" fsuid=0 ouid=0
[  251.396119] nvidia_uvm: module uses symbols nvUvmInterfaceDisableAccessCntr from proprietary module nvidia, inheriting taint.
[  251.446735] nvidia-uvm: Loaded the UVM driver, major device number 237.

=== System Journal (last boot) ===
Feb 15 04:10:43 parrot kernel: input: HDA NVidia HDMI/DP,pcm=3 as /devices/pci0000:00/0000:00:01.0/0000:01:00.1/sound/card1/input14
Feb 15 04:10:43 parrot kernel: input: HDA NVidia HDMI/DP,pcm=7 as /devices/pci0000:00/0000:00:01.0/0000:01:00.1/sound/card1/input15
Feb 15 04:10:43 parrot kernel: input: HDA NVidia HDMI/DP,pcm=8 as /devices/pci0000:00/0000:00:01.0/0000:01:00.1/sound/card1/input16
Feb 15 04:10:43 parrot kernel: input: HDA NVidia HDMI/DP,pcm=9 as /devices/pci0000:00/0000:00:01.0/0000:01:00.1/sound/card1/input17
Feb 15 04:10:44 parrot kernel: nvidia: loading out-of-tree module taints kernel.
Feb 15 04:10:44 parrot kernel: nvidia: module license 'NVIDIA' taints kernel.
Feb 15 04:10:44 parrot kernel: nvidia: module verification failed: signature and/or required key missing - tainting kernel
Feb 15 04:10:44 parrot kernel: nvidia: module license taints kernel.
Feb 15 04:10:44 parrot kernel: nvidia-nvlink: Nvlink Core is being initialized, major device number 239
Feb 15 04:10:44 parrot kernel: nvidia 0000:01:00.0: vgaarb: VGA decodes changed: olddecodes=io+mem,decodes=none:owns=io+mem
Feb 15 04:10:44 parrot kernel: NVRM: loading NVIDIA UNIX x86_64 Kernel Module  550.163.01  Tue Apr  8 12:41:17 UTC 2025
Feb 15 04:10:46 parrot kernel: nvidia-modeset: Loading NVIDIA Kernel Mode Setting Driver for UNIX platforms  550.163.01  Tue Apr  8 12:09:34 UTC 2025
Feb 15 04:10:48 parrot systemd-modules-load[406]: Inserted module 'nvidia_drm'
Feb 15 04:10:48 parrot kernel: [drm] [nvidia-drm] [GPU ID 0x00000100] Loading driver
Feb 15 04:10:48 parrot kernel: [drm] Initialized nvidia-drm 0.0.0 for 0000:01:00.0 on minor 0
Feb 15 04:10:48 parrot systemd[1]: Starting nvidia-persistenced.service - NVIDIA Persistence Daemon...
Feb 15 04:10:48 parrot nvidia-persistenced[835]: Started (835)
Feb 15 04:10:48 parrot systemd[1]: Started nvidia-persistenced.service - NVIDIA Persistence Daemon.
Feb 15 04:10:49 parrot systemd[1]: Starting nvidia-primary.service - Set NVIDIA as primary GPU display provider...
Feb 15 04:10:49 parrot kernel: audit: type=1400 audit(1771125049.227:164): apparmor="ALLOWED" operation="open" class="file" profile="Xorg" name="/etc/nvidia/current/nvidia-drm-outputclass.conf" pid=1023 comm="Xorg" requested_mask="r" denied_mask="r" fsuid=0 ouid=0
Feb 15 04:10:51 parrot systemd[1]: Finished nvidia-primary.service - Set NVIDIA as primary GPU display provider.
Feb 15 04:14:49 parrot sudo[1281]: crootstein : TTY=tty1 ; PWD=/mnt/bigdrv/LABS322/ClaudeCODE/NVIDIA-driver-install_ParrotOS7.1-KDE_wayland/1.2_NVIDIA-Driver-Install/scripts ; USER=root ; COMMAND=./nvidia-diagnose.sh
Feb 15 04:14:51 parrot kernel: nvidia_uvm: module uses symbols nvUvmInterfaceDisableAccessCntr from proprietary module nvidia, inheriting taint.
Feb 15 04:14:51 parrot kernel: nvidia-uvm: Loaded the UVM driver, major device number 237.

=== X Server Log (errors/warnings) ===
[    10.002] Current Operating System: Linux parrot 6.17.13+2-amd64 #1 SMP PREEMPT_DYNAMIC Parrot 6.17.13-1parrot1 (2026-01-08) x86_64
	(WW) warning, (EE) error, (NI) not implemented, (??) unknown.
[    10.005] (WW) The directory "/usr/share/fonts/X11/cyrillic" does not exist.
[    10.006] (WW) The directory "/usr/share/fonts/X11/75dpi/" does not exist.
[    10.007] (WW) The directory "/usr/share/fonts/X11/75dpi" does not exist.

=== Wayland/KWin Logs ===
Feb 15 04:10:42 parrot kernel: ata3.00: supports DRM functions and may not be fully accessible
Feb 15 04:10:42 parrot kernel: ata3.00: supports DRM functions and may not be fully accessible
Feb 15 04:10:42 parrot systemd[1]: Starting modprobe@drm.service - Load Kernel Module drm...
Feb 15 04:10:42 parrot kernel: ACPI: bus type drm_connector registered
Feb 15 04:10:42 parrot systemd[1]: modprobe@drm.service: Deactivated successfully.
Feb 15 04:10:42 parrot systemd[1]: Finished modprobe@drm.service - Load Kernel Module drm.
Feb 15 04:10:48 parrot systemd-modules-load[406]: Inserted module 'nvidia_drm'
Feb 15 04:10:48 parrot kernel: [drm] [nvidia-drm] [GPU ID 0x00000100] Loading driver
Feb 15 04:10:48 parrot kernel: [drm] Initialized nvidia-drm 0.0.0 for 0000:01:00.0 on minor 0
Feb 15 04:10:49 parrot kernel: audit: type=1400 audit(1771125049.227:164): apparmor="ALLOWED" operation="open" class="file" profile="Xorg" name="/etc/nvidia/current/nvidia-drm-outputclass.conf" pid=1023 comm="Xorg" requested_mask="r" denied_mask="r" fsuid=0 ouid=0
Feb 15 04:14:49 parrot sudo[1281]: crootstein : TTY=tty1 ; PWD=/mnt/bigdrv/LABS322/ClaudeCODE/NVIDIA-driver-install_ParrotOS7.1-KDE_wayland/1.2_NVIDIA-Driver-Install/scripts ; USER=root ; COMMAND=./nvidia-diagnose.sh

[0;32m=== Graphics API Information ===[0m
=== OpenGL (GLX) Info ===
glxinfo failed (no X11 display?)

=== EGL Info ===
EGL client extensions string:
    EGL_EXT_client_extensions, EGL_EXT_device_base, 
    EGL_EXT_device_enumeration, EGL_EXT_device_query, EGL_EXT_explicit_device, 
    EGL_EXT_platform_base, EGL_EXT_platform_device, EGL_EXT_platform_wayland, 
    EGL_EXT_platform_x11, EGL_EXT_platform_xcb, 
    EGL_KHR_client_get_all_proc_addresses, EGL_KHR_debug, 
    EGL_KHR_platform_gbm, EGL_KHR_platform_wayland, EGL_KHR_platform_x11, 
    EGL_MESA_platform_gbm, EGL_MESA_platform_surfaceless

GBM platform:
EGL API version: 1.5
EGL vendor string: Mesa Project
EGL version string: 1.5
EGL client APIs: OpenGL OpenGL_ES 
EGL driver name: kms_swrast
EGL extensions string:
    EGL_ANDROID_blob_cache, EGL_ANDROID_native_fence_sync, EGL_EXT_buffer_age, 
    EGL_EXT_config_select_group, EGL_EXT_create_context_robustness, 
    EGL_EXT_image_dma_buf_import, EGL_EXT_image_dma_buf_import_modifiers, 
    EGL_EXT_pixel_format_float, EGL_EXT_query_reset_notification_strategy, 
    EGL_EXT_surface_compression, EGL_KHR_cl_event2, EGL_KHR_config_attribs, 
    EGL_KHR_context_flush_control, EGL_KHR_create_context, 
    EGL_KHR_create_context_no_error, EGL_KHR_fence_sync, 
    EGL_KHR_get_all_proc_addresses, EGL_KHR_gl_colorspace, 
    EGL_KHR_gl_renderbuffer_image, EGL_KHR_gl_texture_2D_image, 
    EGL_KHR_gl_texture_3D_image, EGL_KHR_gl_texture_cubemap_image, 
    EGL_KHR_image, EGL_KHR_image_base, EGL_KHR_image_pixmap, 
    EGL_KHR_no_config_context, EGL_KHR_reusable_sync, 
    EGL_KHR_surfaceless_context, EGL_KHR_wait_sync, 
    EGL_MESA_configless_context, EGL_MESA_gl_interop, 
eglinfo failed

=== Wayland Info ===
wayland-info failed (no Wayland session?)

=== Vulkan Info ===
==========
VULKANINFO
==========

Vulkan Instance Version: 1.4.309


Instance Extensions: count = 24
-------------------------------
VK_EXT_acquire_drm_display             : extension revision 1
VK_EXT_acquire_xlib_display            : extension revision 1
VK_EXT_debug_report                    : extension revision 10
VK_EXT_debug_utils                     : extension revision 2
VK_EXT_direct_mode_display             : extension revision 1
VK_EXT_display_surface_counter         : extension revision 1
VK_EXT_headless_surface                : extension revision 1
VK_EXT_surface_maintenance1            : extension revision 1
VK_EXT_swapchain_colorspace            : extension revision 5
VK_KHR_device_group_creation           : extension revision 1
VK_KHR_display                         : extension revision 23
VK_KHR_external_fence_capabilities     : extension revision 1
VK_KHR_external_memory_capabilities    : extension revision 1
VK_KHR_external_semaphore_capabilities : extension revision 1
VK_KHR_get_display_properties2         : extension revision 1
VK_KHR_get_physical_device_properties2 : extension revision 2
VK_KHR_get_surface_capabilities2       : extension revision 1
VK_KHR_portability_enumeration         : extension revision 1
VK_KHR_surface                         : extension revision 25
VK_KHR_surface_protected_capabilities  : extension revision 1
VK_KHR_wayland_surface                 : extension revision 6
VK_KHR_xcb_surface                     : extension revision 6
VK_KHR_xlib_surface                    : extension revision 6
VK_LUNARG_direct_driver_loading        : extension revision 1

Instance Layers: count = 4
--------------------------
VK_LAYER_INTEL_nullhw       INTEL NULL HW                1.1.73   version 1
VK_LAYER_MESA_device_select Linux device selection layer 1.4.303  version 1
VK_LAYER_MESA_overlay       Mesa Overlay layer           1.4.303  version 1
VK_LAYER_NV_optimus         NVIDIA Optimus layer         1.3.277  version 1

Devices:
========
GPU0:
	apiVersion         = 1.3.277
	driverVersion      = 550.163.1.0
	vendorID           = 0x10de
	deviceID           = 0x1d01
	deviceType         = PHYSICAL_DEVICE_TYPE_DISCRETE_GPU
	deviceName         = NVIDIA GeForce GT 1030
	driverID           = DRIVER_ID_NVIDIA_PROPRIETARY
	driverName         = NVIDIA
	driverInfo         = 550.163.01
	conformanceVersion = 1.3.7.2
	deviceUUID         = fe0ae018-4502-6cc5-d445-4664e509d927
	driverUUID         = 2485a78d-e39e-5aba-a0e9-b1139a1e6395
GPU1:
	apiVersion         = 1.4.305
	driverVersion      = 0.0.1
	vendorID           = 0x10005
	deviceID           = 0x0000
	deviceType         = PHYSICAL_DEVICE_TYPE_CPU
	deviceName         = llvmpipe (LLVM 19.1.7, 256 bits)
	driverID           = DRIVER_ID_MESA_LLVMPIPE
	driverName         = llvmpipe
	driverInfo         = Mesa 25.0.7-2 (LLVM 19.1.7)
	conformanceVersion = 1.3.1.1
	deviceUUID         = 6d657361-3235-2e30-2e37-2d3200000000
	driverUUID         = 6c6c766d-7069-7065-5555-494400000000

[0;32m=== GRUB Configuration ===[0m
=== /etc/default/grub ===
GRUB_CMDLINE_LINUX_DEFAULT='quiet splash'
GRUB_CMDLINE_LINUX=""

[0;32m=== Kernel Headers ===[0m
ii  linux-headers-6.17.13+2-amd64                       6.17.13-1parrot1                     amd64        Header files for Linux 6.17.13+2-amd64
ii  linux-headers-6.17.13+2-common                      6.17.13-1parrot1                     all          Common header files for Linux 6.17.13+2

[0;32m=== NVIDIA Wayland Deep Checks ===[0m
=== nvidia-drm.fbdev Status ===
nvidia-drm.fbdev: N (via module parameter)

=== NVreg_PreserveVideoMemoryAllocations Status ===
PreserveVideoMemoryAllocations: Not detected
[1;33m[WARNING][0m Required for suspend/resume on Wayland — add NVreg_PreserveVideoMemoryAllocations=1 to kernel params or /etc/modprobe.d/nvidia.conf
[1;33m[WARNING][0m Required for suspend/resume on Wayland — add NVreg_PreserveVideoMemoryAllocations=1 to kernel params or /etc/modprobe.d/nvidia.conf

=== NVIDIA Power Management Services ===
  nvidia-suspend.service: enabled
  nvidia-resume.service: enabled
  nvidia-hibernate.service: enabled

=== GBM vs EGL Stream Backend Detection ===
Backend: Not explicitly configured
  GBM_BACKEND: not set
  __NV_PRIME_RENDER_OFFLOAD: not set

=== Explicit Sync Support ===
  Kernel: 6.17.13+2-amd64 (needs >= 6.8 for explicit sync: true)
  Driver: 550.163.01 (needs >= 555 for explicit sync: false)
[1;33m[WARNING][0m Driver < 555 — upgrade NVIDIA driver for explicit sync support
[1;33m[WARNING][0m Driver < 555 — upgrade NVIDIA driver for explicit sync support

[0;32m=== Common Issues Analysis ===[0m
[1;33m[WARNING][0m Kernel headers may not be installed
[1;33m[WARNING][0m Kernel headers may not be installed
  Fix: Install linux-headers for your kernel version
[1;33m[WARNING][0m X server errors detected in log
[1;33m[WARNING][0m X server errors detected in log
  Check: /var/log/Xorg.0.log for details

[1;33mFound 2 potential issue(s)[0m

[0;32m=== Recent Failure Logs ===[0m
No recent failure logs found (last 7 days)
[0;32mClean — no recorded failures[0m

[0;32m=== Diagnostic Summary ===[0m
Full diagnostic log saved to: nvidia-diagnostic-20260215-041449.log

Quick checks:
  - GPU detected: Yes
  - GPU count: 2
  - NVIDIA loaded: No
  - Nouveau loaded: No (good)
  - Display manager: active
  - Session type: unknown
  - nvidia-drm.modeset=1: No

Next steps:
1. Review the issues found above
2. Check the full log file for detailed information
3. Refer to docs/QUICK-TROUBLESHOOTING.md for solutions
4. Refer to docs/WAYLAND-SUPPORT.md for Wayland-specific help
