NVIDIA Driver Diagnostic Report v1.2
Generated: So 15 Feb 2026 13:53:16 CET
System: parrot
==========================================

[0;32m=== System Information ===[0m
Hostname: parrot
Kernel: 6.17.13+2-amd64
Distribution: Description:	Parrot Security 7.1 (echo)
Architecture: x86_64
Boot parameters: BOOT_IMAGE=/@/boot/vmlinuz-6.17.13+2-amd64 root=UUID=1989bd42-6195-489a-8765-d1df7663aa88 ro rootflags=subvol=@ quiet splash noautomount quiet splash

[0;32m=== Display Session Detection ===[0m
=== Session Type ===
XDG_SESSION_TYPE: not set
WAYLAND_DISPLAY: not set
DISPLAY: not set
Active session: Unknown (no display session detected — running from TTY?)

=== Compositor Detection ===
Compositor: Unknown or not running

=== Wayland Environment Variables ===
GBM_BACKEND: not set
__GLX_VENDOR_LIBRARY_NAME: not set

=== /etc/environment (NVIDIA-related) ===
GBM_BACKEND=nvidia-drm
__GLX_VENDOR_LIBRARY_NAME=nvidia

[0;32m=== GPU Hardware Detection ===[0m
=== PCI Graphics Devices ===
00:02.0 VGA compatible controller: Intel Corporation Xeon E3-1200 v3/4th Gen Core Processor Integrated Graphics Controller (rev 06)
	Subsystem: Gigabyte Technology Co., Ltd Device d000
	Kernel modules: i915
00:14.0 USB controller: Intel Corporation 8 Series/C220 Series Chipset Family USB xHCI (rev 05)
--
01:00.0 VGA compatible controller: NVIDIA Corporation GP108 [GeForce GT 1030] (rev a1)
	Subsystem: Gigabyte Technology Co., Ltd Device 3767
	Kernel modules: nvidia
01:00.1 Audio device: NVIDIA Corporation GP108 High Definition Audio Controller (rev a1)

Total GPU devices: 2

=== DUAL-GPU SYSTEM DETECTED ===
Configuration: Intel iGPU + NVIDIA dGPU

=== GPU Primary Status ===

=== GPU Details ===
00:02.0 VGA compatible controller: Intel Corporation Xeon E3-1200 v3/4th Gen Core Processor Integrated Graphics Controller (rev 06) (prog-if 00 [VGA controller])
	Subsystem: Gigabyte Technology Co., Ltd Device d000
	Flags: bus master, fast devsel, latency 0, IRQ 11, IOMMU group 0
	Memory at f7400000 (64-bit, non-prefetchable) [size=4M]
	Memory at d0000000 (64-bit, prefetchable) [size=256M]
	I/O ports at f000 [disabled] [size=64]
	Expansion ROM at 000c0000 [virtual] [disabled] [size=128K]
	Capabilities: [90] MSI: Enable- Count=1/1 Maskable- 64bit-
	Capabilities: [d0] Power Management version 2
	Capabilities: [a4] PCI Advanced Features
	Kernel modules: i915

00:14.0 USB controller: Intel Corporation 8 Series/C220 Series Chipset Family USB xHCI (rev 05) (prog-if 30 [XHCI])
	Subsystem: Gigabyte Technology Co., Ltd Device 5007
	Flags: bus master, medium devsel, latency 0, IRQ 30, IOMMU group 3
	Memory at f7900000 (64-bit, non-prefetchable) [size=64K]
--
01:00.0 VGA compatible controller: NVIDIA Corporation GP108 [GeForce GT 1030] (rev a1) (prog-if 00 [VGA controller])
	Subsystem: Gigabyte Technology Co., Ltd Device 3767
	Flags: bus master, fast devsel, latency 0, IRQ 11, IOMMU group 2
	Memory at f6000000 (32-bit, non-prefetchable) [size=16M]
	Memory at e0000000 (64-bit, prefetchable) [size=256M]
	Memory at f0000000 (64-bit, prefetchable) [size=32M]
	I/O ports at e000 [size=128]
	Expansion ROM at 000c0000 [disabled] [size=128K]
	Capabilities: [60] Power Management version 3
	Capabilities: [68] MSI: Enable- Count=1/1 Maskable- 64bit+
	Capabilities: [78] Express Legacy Endpoint, IntMsgNum 0
	Capabilities: [100] Virtual Channel
	Capabilities: [250] Latency Tolerance Reporting
	Capabilities: [128] Power Budgeting <?>
	Capabilities: [420] Advanced Error Reporting
	Capabilities: [600] Vendor Specific Information: ID=0001 Rev=1 Len=024 <?>

[0;32m=== Current Driver Status ===[0m
=== Loaded Modules ===
[1;33m[WARNING][0m No NVIDIA modules loaded
[1;33m[WARNING][0m No NVIDIA modules loaded
Nouveau: Not loaded (good)

=== NVIDIA Driver Version ===
550.163.01

=== nvidia-drm.modeset Status ===
[1;33m[WARNING][0m nvidia-drm.modeset not detected
[1;33m[WARNING][0m nvidia-drm.modeset not detected

[0;32m=== Installed NVIDIA Packages ===[0m
=== Debian/Ubuntu packages ===
ii  firmware-nvidia-graphics                            20250410-2                           all          Binary firmware for Nvidia GPU chips
ii  firmware-nvidia-gsp                                 550.163.01-4parrot1                  amd64        NVIDIA GSP firmware
ii  glx-alternative-nvidia                              1.2.2                                amd64        allows the selection of NVIDIA as GLX provider
ii  libegl-nvidia0:amd64                                550.163.01-4parrot1                  amd64        NVIDIA binary EGL library
ii  libgl1-nvidia-glvnd-glx:amd64                       550.163.01-4parrot1                  amd64        NVIDIA binary OpenGL/GLX library (GLVND variant)
ii  libgles-nvidia1:amd64                               550.163.01-4parrot1                  amd64        NVIDIA binary OpenGL|ES 1.x library
ii  libgles-nvidia2:amd64                               550.163.01-4parrot1                  amd64        NVIDIA binary OpenGL|ES 2.x library
ii  libglx-nvidia0:amd64                                550.163.01-4parrot1                  amd64        NVIDIA binary GLX library
ii  libnvidia-allocator1:amd64                          550.163.01-4parrot1                  amd64        NVIDIA allocator runtime library
ii  libnvidia-cfg1:amd64                                550.163.01-4parrot1                  amd64        NVIDIA binary OpenGL/GLX configuration library
ii  libnvidia-egl-gbm1:amd64                            1.1.2.1-1                            amd64        GBM EGL external platform library for NVIDIA
ii  libnvidia-egl-wayland1:amd64                        1:1.1.18-1                           amd64        Wayland EGL External Platform library -- shared library
ii  libnvidia-eglcore:amd64                             550.163.01-4parrot1                  amd64        NVIDIA binary EGL core libraries
ii  libnvidia-glcore:amd64                              550.163.01-4parrot1                  amd64        NVIDIA binary OpenGL/GLX core libraries
ii  libnvidia-glvkspirv:amd64                           550.163.01-4parrot1                  amd64        NVIDIA binary Vulkan Spir-V compiler library
ii  libnvidia-gpucomp:amd64                             550.163.01-4parrot1                  amd64        NVIDIA binary GPU compiler library
ii  libnvidia-ml1:amd64                                 550.163.01-4parrot1                  amd64        NVIDIA Management Library (NVML) runtime library
ii  libnvidia-pkcs11-openssl3:amd64                     550.163.01-4parrot1                  amd64        NVIDIA PKCS #11 Library (OpenSSL 3)
ii  libnvidia-ptxjitcompiler1:amd64                     550.163.01-4parrot1                  amd64        NVIDIA PTX JIT Compiler library
ii  libnvidia-rtcore:amd64                              550.163.01-4parrot1                  amd64        NVIDIA binary Vulkan ray tracing (rtcore) library
ri  nvidia-alternative                                  550.163.01-4parrot1                  amd64        allows the selection of NVIDIA as GLX provider
iU  nvidia-driver                                       550.163.01-4parrot1                  amd64        NVIDIA metapackage
ii  nvidia-driver-bin                                   550.163.01-4parrot1                  amd64        NVIDIA driver support binaries
ii  nvidia-driver-libs:amd64                            550.163.01-4parrot1                  amd64        NVIDIA metapackage (OpenGL/GLX/EGL/GLES libraries)
ii  nvidia-egl-common                                   550.163.01-4parrot1                  amd64        NVIDIA binary EGL driver - common files
ii  nvidia-egl-icd:amd64                                550.163.01-4parrot1                  amd64        NVIDIA EGL installable client driver (ICD)
ii  nvidia-installer-cleanup                            20240109+1                           amd64        cleanup after driver installation with the nvidia-installer
ii  nvidia-kernel-common                                20240109+1                           amd64        NVIDIA binary kernel module support files
ii  nvidia-kernel-dkms                                  550.163.01-4parrot1                  amd64        NVIDIA binary kernel module DKMS source
ii  nvidia-kernel-support                               550.163.01-4parrot1                  amd64        NVIDIA binary kernel module support files
ii  nvidia-legacy-check                                 550.163.01-4parrot1                  amd64        check for NVIDIA GPUs requiring a legacy driver
ii  nvidia-modprobe                                     570.133.07-1                         amd64        utility to load NVIDIA kernel modules and create device nodes
ii  nvidia-persistenced                                 550.163.01-1                         amd64        daemon to maintain persistent software state in the NVIDIA driver
ii  nvidia-settings                                     550.163.01-1                         amd64        tool for configuring the NVIDIA graphics driver
ii  nvidia-smi                                          550.163.01-4parrot1                  amd64        NVIDIA System Management Interface
ii  nvidia-support                                      20240109+1                           amd64        NVIDIA binary graphics driver support files
ii  nvidia-suspend-common                               550.163.01-4parrot1                  amd64        NVIDIA driver - systemd power management scripts
ii  nvidia-vdpau-driver:amd64                           550.163.01-4parrot1                  amd64        Video Decode and Presentation API for Unix - NVIDIA driver
ii  nvidia-vulkan-common                                550.163.01-4parrot1                  amd64        NVIDIA Vulkan driver - common files
ii  nvidia-vulkan-icd:amd64                             550.163.01-4parrot1                  amd64        NVIDIA Vulkan installable client driver (ICD)
rH  xserver-xorg-video-nvidia                           550.163.01-4parrot1                  amd64        NVIDIA binary Xorg driver

=== EGL/Wayland packages ===
ii  libnvidia-egl-gbm1:amd64                            1.1.2.1-1                            amd64        GBM EGL external platform library for NVIDIA
ii  libnvidia-egl-wayland1:amd64                        1:1.1.18-1                           amd64        Wayland EGL External Platform library -- shared library
ii  libnvidia-eglcore:amd64                             550.163.01-4parrot1                  amd64        NVIDIA binary EGL core libraries

[0;32m=== Driver Blacklist Configuration ===[0m
=== /etc/modprobe.d/blacklist-nouveau.conf ===
blacklist nouveau
options nouveau modeset=0

=== /etc/modprobe.d/blacklist-intel.conf ===
# Blacklist Intel graphics to force NVIDIA
blacklist i915
blacklist intel_agp

=== All blacklist files ===
/etc/modprobe.d/intel-microcode-blacklist.conf:blacklist microcode
/etc/modprobe.d/blacklist-nouveau.conf:blacklist nouveau
/etc/modprobe.d/blacklist-intel.conf:blacklist i915
/etc/modprobe.d/blacklist-intel.conf:blacklist intel_agp

[0;32m=== X Server Configuration ===[0m
=== X Display ===
DISPLAY: not set
=== /etc/X11/xorg.conf exists ===
# Dual GPU Configuration — Force NVIDIA as Primary
# Generated by nvidia-install.sh v1.2

Section "ServerLayout"
    Identifier     "Layout0"
    Screen      0  "Screen0" 0 0
    Option         "Xinerama" "0"
EndSection

Section "Monitor"
    Identifier     "Monitor0"
    VendorName     "Unknown"
    ModelName      "Unknown"
    Option         "DPMS"
EndSection

Section "Device"
    Identifier     "Device0"
    Driver         "nvidia"
    VendorName     "NVIDIA Corporation"
    BoardName      "NVIDIA Corporation GP108 [GeForce GT 1030] (rev a1)"
    BusID          "PCI:1:0:0"
    Option         "TripleBuffer" "True"
    Option         "AllowEmptyInitialConfiguration"
EndSection

Section "Screen"
    Identifier     "Screen0"
    Device         "Device0"
    Monitor        "Monitor0"
    DefaultDepth    24
    SubSection     "Display"
        Depth       24
    EndSubSection
EndSection

=== /etc/X11/xorg.conf.d/ contents ===
total 8
drwxr-xr-x 1 root root  60 15. Feb 04:09 .
drwxr-xr-x 1 root root 306 15. Feb 04:09 ..
-rw-rw-r-- 1 root root 263 13. Feb 21:14 00-keyboard.conf
-rw-r--r-- 1 root root 133 15. Feb 04:09 20-nvidia.conf
--- /etc/X11/xorg.conf.d/00-keyboard.conf ---
# Read and parsed by systemd-localed. It's probably wise not to edit this file
# manually too freely.
Section "InputClass"
        Identifier "system-keyboard"
        MatchIsKeyboard "on"
        Option "XkbLayout" "de"
        Option "XkbVariant" ""
EndSection
--- /etc/X11/xorg.conf.d/20-nvidia.conf ---
Section "Device"
    Identifier     "NVIDIA Graphics"
    Driver         "nvidia"
    VendorName     "NVIDIA Corporation"
EndSection

[0;32m=== Wayland Configuration ===[0m
=== SDDM Configuration ===
--- /etc/sddm.conf ---
[Autologin]
Session=plasma


--- /etc/sddm.conf.d/ ---
--- /etc/sddm.conf.d/kde_settings.conf ---
[Theme]
GTK_THEME=Breeze
Current=echo-sddm

[Users]
MinimumUid=1000

=== GDM Configuration ===
No GDM configuration found

=== Wayland Session Files ===
plasma.desktop

=== X11 Session Files ===
lightdm-xsession.desktop
plasmax11.desktop

[0;32m=== Display Manager Status ===[0m
=== Active Display Manager ===
○ lightdm.service - Light Display Manager
     Loaded: loaded (/usr/lib/systemd/system/lightdm.service; enabled; preset: enabled)
     Active: inactive (dead) since Sun 2026-02-15 13:32:48 CET; 20min ago
   Duration: 2min 2.254s
 Invocation: 92263c3bcd004623981afb5a1de7fe17
       Docs: man:lightdm(1)
    Process: 1034 ExecStart=/usr/sbin/lightdm (code=exited, status=0/SUCCESS)
   Main PID: 1034 (code=exited, status=0/SUCCESS)
   Mem peak: 2.7M
        CPU: 19ms

Feb 15 13:30:45 parrot systemd[1]: Starting lightdm.service - Light Display Manager...
Feb 15 13:30:45 parrot systemd[1]: Started lightdm.service - Light Display Manager.
Feb 15 13:32:48 parrot systemd[1]: Stopping lightdm.service - Light Display Manager...
Feb 15 13:32:48 parrot systemd[1]: lightdm.service: Deactivated successfully.
Feb 15 13:32:48 parrot systemd[1]: Stopped lightdm.service - Light Display Manager.
